2025-12-21T12:27:05.798+08:00 [INFO] {503e2dfb82208318ba5a93364b17acff} Config path set to: manifest/config
2025-12-21T12:27:08.865+08:00 [INFO] {503e2dfb82208318ba5a93364b17acff} ✅ Database connected successfully!
2025-12-21T12:27:10.350+08:00 [INFO] ✅ Redis connected successfully (v8)!
2025-12-21T12:27:10.363+08:00 [INFO] openapi specification is disabled
2025-12-21T12:27:10.363+08:00 [INFO] pid[21781]: http server started listening on [:8081]

----------|--------|-------------------------------|--------------------------------------------------------------------------|--------------------
| ADDRESS | METHOD |             ROUTE             |                                 HANDLER                                  |    MIDDLEWARE     |
----------|--------|-------------------------------|--------------------------------------------------------------------------|--------------------
| :8081   | ALL    | /*                            | cex-exchange/internal/middleware.ResponseHandler                         | GLOBAL MIDDLEWARE |
----------|--------|-------------------------------|--------------------------------------------------------------------------|--------------------
| :8081   | GET    | /api/accounts                 | cex-exchange/internal/controller/funds.(*ControllerV1).ListAccounts      | middleware.Auth   |
----------|--------|-------------------------------|--------------------------------------------------------------------------|--------------------
| :8081   | GET    | /api/admin/accounts           | cex-exchange/internal/controller/admin.(*ControllerV1).ListAccounts      | middleware.Auth   |
----------|--------|-------------------------------|--------------------------------------------------------------------------|--------------------
| :8081   | POST   | /api/admin/accounts/add-funds | cex-exchange/internal/controller/admin.(*ControllerV1).AddFunds          | middleware.Auth   |
----------|--------|-------------------------------|--------------------------------------------------------------------------|--------------------
| :8081   | POST   | /api/admin/accounts/adjust    | cex-exchange/internal/controller/admin.(*ControllerV1).Adjust            | middleware.Auth   |
----------|--------|-------------------------------|--------------------------------------------------------------------------|--------------------
| :8081   | GET    | /api/admin/orders             | cex-exchange/internal/controller/admin.(*ControllerV1).ListOrders        | middleware.Auth   |
----------|--------|-------------------------------|--------------------------------------------------------------------------|--------------------
| :8081   | POST   | /api/admin/orders/{id}/cancel | cex-exchange/internal/controller/admin.(*ControllerV1).CancelOrder       | middleware.Auth   |
----------|--------|-------------------------------|--------------------------------------------------------------------------|--------------------
| :8081   | GET    | /api/admin/users              | cex-exchange/internal/controller/admin.(*ControllerV1).ListUsers         | middleware.Auth   |
----------|--------|-------------------------------|--------------------------------------------------------------------------|--------------------
| :8081   | POST   | /api/deposit                  | cex-exchange/internal/controller/funds.(*ControllerV1).Deposit           | middleware.Auth   |
----------|--------|-------------------------------|--------------------------------------------------------------------------|--------------------
| :8081   | POST   | /api/login                    | cex-exchange/internal/controller/auth.(*ControllerV1).Login              |                   |
----------|--------|-------------------------------|--------------------------------------------------------------------------|--------------------
| :8081   | GET    | /api/my_orders                | cex-exchange/internal/controller/order.(*ControllerV1).ListMyOrders      | middleware.Auth   |
----------|--------|-------------------------------|--------------------------------------------------------------------------|--------------------
| :8081   | GET    | /api/my_trades                | cex-exchange/internal/controller/order.(*ControllerV1).ListMyTrades      | middleware.Auth   |
----------|--------|-------------------------------|--------------------------------------------------------------------------|--------------------
| :8081   | POST   | /api/order                    | cex-exchange/internal/controller/order.(*ControllerV1).PlaceOrder        | middleware.Auth   |
----------|--------|-------------------------------|--------------------------------------------------------------------------|--------------------
| :8081   | POST   | /api/order/cancel/:id         | cex-exchange/internal/controller/order.(*ControllerV1).CancelOrder       | middleware.Auth   |
----------|--------|-------------------------------|--------------------------------------------------------------------------|--------------------
| :8081   | GET    | /api/orderbook                | cex-exchange/internal/controller/trade.(*ControllerV1).GetOrderBook      | middleware.Auth   |
----------|--------|-------------------------------|--------------------------------------------------------------------------|--------------------
| :8081   | POST   | /api/register                 | cex-exchange/internal/controller/auth.(*ControllerV1).Register           |                   |
----------|--------|-------------------------------|--------------------------------------------------------------------------|--------------------
| :8081   | GET    | /api/trades                   | cex-exchange/internal/controller/trade.(*ControllerV1).GetTrades         | middleware.Auth   |
----------|--------|-------------------------------|--------------------------------------------------------------------------|--------------------
| :8081   | GET    | /ws                           | cex-exchange/internal/controller/websocket.(*Controller).HandleWebSocket |                   |
----------|--------|-------------------------------|--------------------------------------------------------------------------|--------------------
| :8081   | GET    | /ws/status                    | cex-exchange/internal/controller/websocket.(*Controller).GetStatus       |                   |
----------|--------|-------------------------------|--------------------------------------------------------------------------|--------------------

