2025-12-23T14:26:56.733+08:00 [INFO] {98474e6336c483188a47bd1a76960f0d} Config path set to: manifest/config
2025-12-23T14:26:58.387+08:00 [INFO] {98474e6336c483188a47bd1a76960f0d} ✅ Database connected successfully!
2025-12-23T14:26:59.279+08:00 [INFO] ✅ Redis connected successfully (v8)!
2025-12-23T14:26:59.286+08:00 [INFO] pid[27262]: http server started listening on [:8081]
2025-12-23T14:26:59.286+08:00 [INFO] openapi specification is disabled

----------|--------|-------------------------------|--------------------------------------------------------------------------|--------------------
| ADDRESS | METHOD |             ROUTE             |                                 HANDLER                                  |    MIDDLEWARE     |
----------|--------|-------------------------------|--------------------------------------------------------------------------|--------------------
| :8081   | ALL    | /*                            | cex-exchange/internal/middleware.ResponseHandler                         | GLOBAL MIDDLEWARE |
----------|--------|-------------------------------|--------------------------------------------------------------------------|--------------------
| :8081   | GET    | /api/accounts                 | cex-exchange/internal/controller/funds.(*ControllerV1).ListAccounts      | middleware.Auth   |
----------|--------|-------------------------------|--------------------------------------------------------------------------|--------------------
| :8081   | GET    | /api/admin/accounts           | cex-exchange/internal/controller/admin.(*ControllerV1).ListAccounts      | middleware.Auth   |
----------|--------|-------------------------------|--------------------------------------------------------------------------|--------------------
| :8081   | POST   | /api/admin/accounts/add-funds | cex-exchange/internal/controller/admin.(*ControllerV1).AddFunds          | middleware.Auth   |
----------|--------|-------------------------------|--------------------------------------------------------------------------|--------------------
| :8081   | POST   | /api/admin/accounts/adjust    | cex-exchange/internal/controller/admin.(*ControllerV1).Adjust            | middleware.Auth   |
----------|--------|-------------------------------|--------------------------------------------------------------------------|--------------------
| :8081   | GET    | /api/admin/orders             | cex-exchange/internal/controller/admin.(*ControllerV1).ListOrders        | middleware.Auth   |
----------|--------|-------------------------------|--------------------------------------------------------------------------|--------------------
| :8081   | POST   | /api/admin/orders/{id}/cancel | cex-exchange/internal/controller/admin.(*ControllerV1).CancelOrder       | middleware.Auth   |
----------|--------|-------------------------------|--------------------------------------------------------------------------|--------------------
| :8081   | GET    | /api/admin/users              | cex-exchange/internal/controller/admin.(*ControllerV1).ListUsers         | middleware.Auth   |
----------|--------|-------------------------------|--------------------------------------------------------------------------|--------------------
| :8081   | POST   | /api/deposit                  | cex-exchange/internal/controller/funds.(*ControllerV1).Deposit           | middleware.Auth   |
----------|--------|-------------------------------|--------------------------------------------------------------------------|--------------------
| :8081   | POST   | /api/login                    | cex-exchange/internal/controller/auth.(*ControllerV1).Login              |                   |
----------|--------|-------------------------------|--------------------------------------------------------------------------|--------------------
| :8081   | GET    | /api/my_orders                | cex-exchange/internal/controller/order.(*ControllerV1).ListMyOrders      | middleware.Auth   |
----------|--------|-------------------------------|--------------------------------------------------------------------------|--------------------
| :8081   | GET    | /api/my_trades                | cex-exchange/internal/controller/order.(*ControllerV1).ListMyTrades      | middleware.Auth   |
----------|--------|-------------------------------|--------------------------------------------------------------------------|--------------------
| :8081   | POST   | /api/order                    | cex-exchange/internal/controller/order.(*ControllerV1).PlaceOrder        | middleware.Auth   |
----------|--------|-------------------------------|--------------------------------------------------------------------------|--------------------
| :8081   | POST   | /api/order/cancel/:id         | cex-exchange/internal/controller/order.(*ControllerV1).CancelOrder       | middleware.Auth   |
----------|--------|-------------------------------|--------------------------------------------------------------------------|--------------------
| :8081   | GET    | /api/orderbook                | cex-exchange/internal/controller/trade.(*ControllerV1).GetOrderBook      | middleware.Auth   |
----------|--------|-------------------------------|--------------------------------------------------------------------------|--------------------
| :8081   | POST   | /api/register                 | cex-exchange/internal/controller/auth.(*ControllerV1).Register           |                   |
----------|--------|-------------------------------|--------------------------------------------------------------------------|--------------------
| :8081   | GET    | /api/trades                   | cex-exchange/internal/controller/trade.(*ControllerV1).GetTrades         | middleware.Auth   |
----------|--------|-------------------------------|--------------------------------------------------------------------------|--------------------
| :8081   | GET    | /ws                           | cex-exchange/internal/controller/websocket.(*Controller).HandleWebSocket |                   |
----------|--------|-------------------------------|--------------------------------------------------------------------------|--------------------
| :8081   | GET    | /ws/status                    | cex-exchange/internal/controller/websocket.(*Controller).GetStatus       |                   |
----------|--------|-------------------------------|--------------------------------------------------------------------------|--------------------

2025-12-23T14:29:48.182+08:00 [ERRO] {60e1654e5ec483188c47bd1a88ace81f} JWT Parse Error: signature is invalid, Token Valid: false 
Stack:
1.  cex-exchange/internal/middleware.Auth
    /Users/zhanjun/IdeaProjects/cex-exchange/cex-exchange/internal/middleware/auth.go:43
2.  cex-exchange/internal/middleware.ResponseHandler
    /Users/zhanjun/IdeaProjects/cex-exchange/cex-exchange/internal/middleware/middleware.go:16
3.  cex-exchange/internal/middleware.CORS
    /Users/zhanjun/IdeaProjects/cex-exchange/cex-exchange/internal/middleware/middleware.go:11

2025-12-23T14:31:27.155+08:00 [WARN] {38b5224275c483189247bd1a08c6ae18} Redis Get Error: redis: nil
2025-12-23T14:31:27.156+08:00 [INFO] {38b5224275c483189247bd1a08c6ae18} ⚠️ Cache Miss for user: 2
2025-12-23T14:31:29.306+08:00 [INFO] {38b5224275c483189247bd1a08c6ae18} ✅ Cache Set Success for user: 2
