2025-12-20T10:18:41.435+08:00 [INFO] {400a239aecca82187b6eef3c767748ad} Config path set to: manifest/config
2025-12-20T10:18:44.476+08:00 [INFO] {400a239aecca82187b6eef3c767748ad} ✅ Database connected successfully!
2025-12-20T10:18:45.988+08:00 [INFO] ✅ Redis connected successfully (v8)!
2025-12-20T10:18:45.997+08:00 [INFO] {88adeaa9edca82187c6eef3c79a853a2} WebSocket管理器已启动
2025-12-20T10:18:45.997+08:00 [INFO] {88adeaa9edca82187c6eef3c79a853a2} 行情数据推送已启动
2025-12-20T10:18:46.000+08:00 [INFO] openapi specification is disabled
2025-12-20T10:18:46.000+08:00 [INFO] pid[72616]: http server started listening on [:8080]

----------|--------|-------------------------------|--------------------------------------------------------------------------|--------------------
| ADDRESS | METHOD |             ROUTE             |                                 HANDLER                                  |    MIDDLEWARE     |
----------|--------|-------------------------------|--------------------------------------------------------------------------|--------------------
| :8080   | ALL    | /*                            | cex-exchange/internal/middleware.ResponseHandler                         | GLOBAL MIDDLEWARE |
----------|--------|-------------------------------|--------------------------------------------------------------------------|--------------------
| :8080   | GET    | /api/accounts                 | cex-exchange/internal/controller/funds.(*ControllerV1).ListAccounts      | middleware.Auth   |
----------|--------|-------------------------------|--------------------------------------------------------------------------|--------------------
| :8080   | GET    | /api/admin/accounts           | cex-exchange/internal/controller/admin.(*ControllerV1).ListAccounts      | middleware.Auth   |
----------|--------|-------------------------------|--------------------------------------------------------------------------|--------------------
| :8080   | POST   | /api/admin/accounts/add-funds | cex-exchange/internal/controller/admin.(*ControllerV1).AddFunds          | middleware.Auth   |
----------|--------|-------------------------------|--------------------------------------------------------------------------|--------------------
| :8080   | GET    | /api/admin/orders             | cex-exchange/internal/controller/admin.(*ControllerV1).ListOrders        | middleware.Auth   |
----------|--------|-------------------------------|--------------------------------------------------------------------------|--------------------
| :8080   | POST   | /api/admin/orders/{id}/cancel | cex-exchange/internal/controller/admin.(*ControllerV1).CancelOrder       | middleware.Auth   |
----------|--------|-------------------------------|--------------------------------------------------------------------------|--------------------
| :8080   | GET    | /api/admin/users              | cex-exchange/internal/controller/admin.(*ControllerV1).ListUsers         | middleware.Auth   |
----------|--------|-------------------------------|--------------------------------------------------------------------------|--------------------
| :8080   | POST   | /api/deposit                  | cex-exchange/internal/controller/funds.(*ControllerV1).Deposit           | middleware.Auth   |
----------|--------|-------------------------------|--------------------------------------------------------------------------|--------------------
| :8080   | POST   | /api/login                    | cex-exchange/internal/controller/auth.(*ControllerV1).Login              |                   |
----------|--------|-------------------------------|--------------------------------------------------------------------------|--------------------
| :8080   | GET    | /api/my_orders                | cex-exchange/internal/controller/order.(*ControllerV1).ListMyOrders      | middleware.Auth   |
----------|--------|-------------------------------|--------------------------------------------------------------------------|--------------------
| :8080   | GET    | /api/my_trades                | cex-exchange/internal/controller/order.(*ControllerV1).ListMyTrades      | middleware.Auth   |
----------|--------|-------------------------------|--------------------------------------------------------------------------|--------------------
| :8080   | POST   | /api/order                    | cex-exchange/internal/controller/order.(*ControllerV1).PlaceOrder        | middleware.Auth   |
----------|--------|-------------------------------|--------------------------------------------------------------------------|--------------------
| :8080   | POST   | /api/order/cancel/:id         | cex-exchange/internal/controller/order.(*ControllerV1).CancelOrder       | middleware.Auth   |
----------|--------|-------------------------------|--------------------------------------------------------------------------|--------------------
| :8080   | GET    | /api/orderbook                | cex-exchange/internal/controller/trade.(*ControllerV1).GetOrderBook      | middleware.Auth   |
----------|--------|-------------------------------|--------------------------------------------------------------------------|--------------------
| :8080   | POST   | /api/register                 | cex-exchange/internal/controller/auth.(*ControllerV1).Register           |                   |
----------|--------|-------------------------------|--------------------------------------------------------------------------|--------------------
| :8080   | GET    | /api/trades                   | cex-exchange/internal/controller/trade.(*ControllerV1).GetTrades         | middleware.Auth   |
----------|--------|-------------------------------|--------------------------------------------------------------------------|--------------------
| :8080   | GET    | /ws                           | cex-exchange/internal/controller/websocket.(*Controller).HandleWebSocket |                   |
----------|--------|-------------------------------|--------------------------------------------------------------------------|--------------------
| :8080   | GET    | /ws/status                    | cex-exchange/internal/controller/websocket.(*Controller).GetStatus       |                   |
----------|--------|-------------------------------|--------------------------------------------------------------------------|--------------------

2025-12-20T10:18:53.033+08:00 [ERRO] 获取最新K线失败: sql: no rows in result set 
Stack:
1.  cex-exchange/internal/websocket.GetPriceChangeData
    /Users/zhanjun/IdeaProjects/cex-exchange/cex-exchange/internal/websocket/data.go:132
2.  cex-exchange/internal/websocket.SendMarketData
    /Users/zhanjun/IdeaProjects/cex-exchange/cex-exchange/internal/websocket/manager.go:208

2025-12-20T10:18:54.193+08:00 [ERRO] 获取最新K线失败: sql: no rows in result set 
Stack:
1.  cex-exchange/internal/websocket.GetPriceChangeData
    /Users/zhanjun/IdeaProjects/cex-exchange/cex-exchange/internal/websocket/data.go:132
2.  cex-exchange/internal/websocket.SendMarketData
    /Users/zhanjun/IdeaProjects/cex-exchange/cex-exchange/internal/websocket/manager.go:208

2025-12-20T10:18:54.368+08:00 [ERRO] 获取最新K线失败: sql: no rows in result set 
Stack:
1.  cex-exchange/internal/websocket.GetPriceChangeData
    /Users/zhanjun/IdeaProjects/cex-exchange/cex-exchange/internal/websocket/data.go:132
2.  cex-exchange/internal/websocket.SendMarketData
    /Users/zhanjun/IdeaProjects/cex-exchange/cex-exchange/internal/websocket/manager.go:208

2025-12-20T10:18:54.536+08:00 [ERRO] 获取最新K线失败: sql: no rows in result set 
Stack:
1.  cex-exchange/internal/websocket.GetPriceChangeData
    /Users/zhanjun/IdeaProjects/cex-exchange/cex-exchange/internal/websocket/data.go:132
2.  cex-exchange/internal/websocket.SendMarketData
    /Users/zhanjun/IdeaProjects/cex-exchange/cex-exchange/internal/websocket/manager.go:208

2025-12-20T10:18:54.708+08:00 [ERRO] 获取昨日K线失败: sql: no rows in result set 
Stack:
1.  cex-exchange/internal/websocket.GetPriceChangeData
    /Users/zhanjun/IdeaProjects/cex-exchange/cex-exchange/internal/websocket/data.go:149
2.  cex-exchange/internal/websocket.SendMarketData
    /Users/zhanjun/IdeaProjects/cex-exchange/cex-exchange/internal/websocket/manager.go:208

2025-12-20T10:18:54.974+08:00 [ERRO] 获取最新K线失败: sql: no rows in result set 
Stack:
1.  cex-exchange/internal/websocket.GetPriceChangeData
    /Users/zhanjun/IdeaProjects/cex-exchange/cex-exchange/internal/websocket/data.go:132
2.  cex-exchange/internal/websocket.SendMarketData
    /Users/zhanjun/IdeaProjects/cex-exchange/cex-exchange/internal/websocket/manager.go:208

2025-12-20T10:18:55.153+08:00 [ERRO] 获取昨日K线失败: sql: no rows in result set 
Stack:
1.  cex-exchange/internal/websocket.GetPriceChangeData
    /Users/zhanjun/IdeaProjects/cex-exchange/cex-exchange/internal/websocket/data.go:149
2.  cex-exchange/internal/websocket.SendMarketData
    /Users/zhanjun/IdeaProjects/cex-exchange/cex-exchange/internal/websocket/manager.go:208

2025-12-20T10:18:55.164+08:00 [ERRO] 获取最新K线失败: sql: no rows in result set 
Stack:
1.  cex-exchange/internal/websocket.GetPriceChangeData
    /Users/zhanjun/IdeaProjects/cex-exchange/cex-exchange/internal/websocket/data.go:132
2.  cex-exchange/internal/websocket.SendMarketData
    /Users/zhanjun/IdeaProjects/cex-exchange/cex-exchange/internal/websocket/manager.go:208

2025-12-20T10:18:55.725+08:00 [ERRO] 获取24小时成交量失败: element of parameter "pointer" for function Scan should type of struct/*struct/[]struct/[]*struct 
Stack:
1.  cex-exchange/internal/websocket.GetPriceChangeData
    /Users/zhanjun/IdeaProjects/cex-exchange/cex-exchange/internal/websocket/data.go:187
2.  cex-exchange/internal/websocket.SendMarketData
    /Users/zhanjun/IdeaProjects/cex-exchange/cex-exchange/internal/websocket/manager.go:208

2025-12-20T10:18:55.886+08:00 [ERRO] 获取最新K线失败: sql: no rows in result set 
Stack:
1.  cex-exchange/internal/websocket.GetPriceChangeData
    /Users/zhanjun/IdeaProjects/cex-exchange/cex-exchange/internal/websocket/data.go:132
2.  cex-exchange/internal/websocket.SendMarketData
    /Users/zhanjun/IdeaProjects/cex-exchange/cex-exchange/internal/websocket/manager.go:208

2025-12-20T10:18:56.095+08:00 [ERRO] 获取24小时成交量失败: element of parameter "pointer" for function Scan should type of struct/*struct/[]struct/[]*struct 
Stack:
1.  cex-exchange/internal/websocket.GetPriceChangeData
    /Users/zhanjun/IdeaProjects/cex-exchange/cex-exchange/internal/websocket/data.go:187
2.  cex-exchange/internal/websocket.SendMarketData
    /Users/zhanjun/IdeaProjects/cex-exchange/cex-exchange/internal/websocket/manager.go:208

2025-12-20T10:18:56.268+08:00 [ERRO] 获取最新K线失败: sql: no rows in result set 
Stack:
1.  cex-exchange/internal/websocket.GetPriceChangeData
    /Users/zhanjun/IdeaProjects/cex-exchange/cex-exchange/internal/websocket/data.go:132
2.  cex-exchange/internal/websocket.SendMarketData
    /Users/zhanjun/IdeaProjects/cex-exchange/cex-exchange/internal/websocket/manager.go:208

2025-12-20T10:18:56.377+08:00 [ERRO] 获取最新K线失败: sql: no rows in result set 
Stack:
1.  cex-exchange/internal/websocket.GetPriceChangeData
    /Users/zhanjun/IdeaProjects/cex-exchange/cex-exchange/internal/websocket/data.go:132
2.  cex-exchange/internal/websocket.SendMarketData
    /Users/zhanjun/IdeaProjects/cex-exchange/cex-exchange/internal/websocket/manager.go:208

2025-12-20T10:18:57.044+08:00 [ERRO] 获取最新K线失败: sql: no rows in result set 
Stack:
1.  cex-exchange/internal/websocket.GetPriceChangeData
    /Users/zhanjun/IdeaProjects/cex-exchange/cex-exchange/internal/websocket/data.go:132
2.  cex-exchange/internal/websocket.SendMarketData
    /Users/zhanjun/IdeaProjects/cex-exchange/cex-exchange/internal/websocket/manager.go:208

2025-12-20T10:18:57.049+08:00 [ERRO] 获取最新K线失败: sql: no rows in result set 
Stack:
1.  cex-exchange/internal/websocket.GetPriceChangeData
    /Users/zhanjun/IdeaProjects/cex-exchange/cex-exchange/internal/websocket/data.go:132
2.  cex-exchange/internal/websocket.SendMarketData
    /Users/zhanjun/IdeaProjects/cex-exchange/cex-exchange/internal/websocket/manager.go:208

2025-12-20T10:18:57.405+08:00 [ERRO] 获取昨日K线失败: sql: no rows in result set 
Stack:
1.  cex-exchange/internal/websocket.GetPriceChangeData
    /Users/zhanjun/IdeaProjects/cex-exchange/cex-exchange/internal/websocket/data.go:149
2.  cex-exchange/internal/websocket.SendMarketData
    /Users/zhanjun/IdeaProjects/cex-exchange/cex-exchange/internal/websocket/manager.go:208

2025-12-20T10:18:57.511+08:00 [ERRO] 获取最新K线失败: sql: no rows in result set 
Stack:
1.  cex-exchange/internal/websocket.GetPriceChangeData
    /Users/zhanjun/IdeaProjects/cex-exchange/cex-exchange/internal/websocket/data.go:132
2.  cex-exchange/internal/websocket.SendMarketData
    /Users/zhanjun/IdeaProjects/cex-exchange/cex-exchange/internal/websocket/manager.go:208

2025-12-20T10:18:58.138+08:00 [ERRO] 获取昨日K线失败: sql: no rows in result set 
Stack:
1.  cex-exchange/internal/websocket.GetPriceChangeData
    /Users/zhanjun/IdeaProjects/cex-exchange/cex-exchange/internal/websocket/data.go:149
2.  cex-exchange/internal/websocket.SendMarketData
    /Users/zhanjun/IdeaProjects/cex-exchange/cex-exchange/internal/websocket/manager.go:208

2025-12-20T10:18:58.375+08:00 [ERRO] 获取24小时成交量失败: element of parameter "pointer" for function Scan should type of struct/*struct/[]struct/[]*struct 
Stack:
1.  cex-exchange/internal/websocket.GetPriceChangeData
    /Users/zhanjun/IdeaProjects/cex-exchange/cex-exchange/internal/websocket/data.go:187
2.  cex-exchange/internal/websocket.SendMarketData
    /Users/zhanjun/IdeaProjects/cex-exchange/cex-exchange/internal/websocket/manager.go:208

2025-12-20T10:18:58.569+08:00 [ERRO] 获取最新K线失败: sql: no rows in result set 
Stack:
1.  cex-exchange/internal/websocket.GetPriceChangeData
    /Users/zhanjun/IdeaProjects/cex-exchange/cex-exchange/internal/websocket/data.go:132
2.  cex-exchange/internal/websocket.SendMarketData
    /Users/zhanjun/IdeaProjects/cex-exchange/cex-exchange/internal/websocket/manager.go:208

2025-12-20T10:18:58.714+08:00 [ERRO] 获取昨日K线失败: sql: no rows in result set 
Stack:
1.  cex-exchange/internal/websocket.GetPriceChangeData
    /Users/zhanjun/IdeaProjects/cex-exchange/cex-exchange/internal/websocket/data.go:149
2.  cex-exchange/internal/websocket.SendMarketData
    /Users/zhanjun/IdeaProjects/cex-exchange/cex-exchange/internal/websocket/manager.go:208

2025-12-20T10:18:58.805+08:00 [ERRO] 获取最新K线失败: sql: no rows in result set 
Stack:
1.  cex-exchange/internal/websocket.GetPriceChangeData
    /Users/zhanjun/IdeaProjects/cex-exchange/cex-exchange/internal/websocket/data.go:132
2.  cex-exchange/internal/websocket.SendMarketData
    /Users/zhanjun/IdeaProjects/cex-exchange/cex-exchange/internal/websocket/manager.go:208

2025-12-20T10:18:58.906+08:00 [ERRO] 获取最新K线失败: sql: no rows in result set 
Stack:
1.  cex-exchange/internal/websocket.GetPriceChangeData
    /Users/zhanjun/IdeaProjects/cex-exchange/cex-exchange/internal/websocket/data.go:132
2.  cex-exchange/internal/websocket.SendMarketData
    /Users/zhanjun/IdeaProjects/cex-exchange/cex-exchange/internal/websocket/manager.go:208

2025-12-20T10:18:59.024+08:00 [ERRO] 获取最新K线失败: sql: no rows in result set 
Stack:
1.  cex-exchange/internal/websocket.GetPriceChangeData
    /Users/zhanjun/IdeaProjects/cex-exchange/cex-exchange/internal/websocket/data.go:132
2.  cex-exchange/internal/websocket.SendMarketData
    /Users/zhanjun/IdeaProjects/cex-exchange/cex-exchange/internal/websocket/manager.go:208

2025-12-20T10:18:59.100+08:00 [ERRO] 获取24小时成交量失败: element of parameter "pointer" for function Scan should type of struct/*struct/[]struct/[]*struct 
Stack:
1.  cex-exchange/internal/websocket.GetPriceChangeData
    /Users/zhanjun/IdeaProjects/cex-exchange/cex-exchange/internal/websocket/data.go:187
2.  cex-exchange/internal/websocket.SendMarketData
    /Users/zhanjun/IdeaProjects/cex-exchange/cex-exchange/internal/websocket/manager.go:208

2025-12-20T10:18:59.549+08:00 [ERRO] 获取昨日K线失败: sql: no rows in result set 
Stack:
1.  cex-exchange/internal/websocket.GetPriceChangeData
    /Users/zhanjun/IdeaProjects/cex-exchange/cex-exchange/internal/websocket/data.go:149
2.  cex-exchange/internal/websocket.SendMarketData
    /Users/zhanjun/IdeaProjects/cex-exchange/cex-exchange/internal/websocket/manager.go:208

2025-12-20T10:18:59.580+08:00 [ERRO] 获取最新K线失败: sql: no rows in result set 
Stack:
1.  cex-exchange/internal/websocket.GetPriceChangeData
    /Users/zhanjun/IdeaProjects/cex-exchange/cex-exchange/internal/websocket/data.go:132
2.  cex-exchange/internal/websocket.SendMarketData
    /Users/zhanjun/IdeaProjects/cex-exchange/cex-exchange/internal/websocket/manager.go:208

2025-12-20T10:18:59.729+08:00 [ERRO] 获取24小时成交量失败: element of parameter "pointer" for function Scan should type of struct/*struct/[]struct/[]*struct 
Stack:
1.  cex-exchange/internal/websocket.GetPriceChangeData
    /Users/zhanjun/IdeaProjects/cex-exchange/cex-exchange/internal/websocket/data.go:187
2.  cex-exchange/internal/websocket.SendMarketData
    /Users/zhanjun/IdeaProjects/cex-exchange/cex-exchange/internal/websocket/manager.go:208

2025-12-20T10:18:59.756+08:00 [ERRO] 获取最新K线失败: sql: no rows in result set 
Stack:
1.  cex-exchange/internal/websocket.GetPriceChangeData
    /Users/zhanjun/IdeaProjects/cex-exchange/cex-exchange/internal/websocket/data.go:132
2.  cex-exchange/internal/websocket.SendMarketData
    /Users/zhanjun/IdeaProjects/cex-exchange/cex-exchange/internal/websocket/manager.go:208

2025-12-20T10:18:59.847+08:00 [ERRO] 获取昨日K线失败: sql: no rows in result set 
Stack:
1.  cex-exchange/internal/websocket.GetPriceChangeData
    /Users/zhanjun/IdeaProjects/cex-exchange/cex-exchange/internal/websocket/data.go:149
2.  cex-exchange/internal/websocket.SendMarketData
    /Users/zhanjun/IdeaProjects/cex-exchange/cex-exchange/internal/websocket/manager.go:208

2025-12-20T10:18:59.976+08:00 [ERRO] 获取昨日K线失败: sql: no rows in result set 
Stack:
1.  cex-exchange/internal/websocket.GetPriceChangeData
    /Users/zhanjun/IdeaProjects/cex-exchange/cex-exchange/internal/websocket/data.go:149
2.  cex-exchange/internal/websocket.SendMarketData
    /Users/zhanjun/IdeaProjects/cex-exchange/cex-exchange/internal/websocket/manager.go:208

2025-12-20T10:19:00.102+08:00 [ERRO] 获取最新K线失败: sql: no rows in result set 
Stack:
1.  cex-exchange/internal/websocket.GetPriceChangeData
    /Users/zhanjun/IdeaProjects/cex-exchange/cex-exchange/internal/websocket/data.go:132
2.  cex-exchange/internal/websocket.SendMarketData
    /Users/zhanjun/IdeaProjects/cex-exchange/cex-exchange/internal/websocket/manager.go:208

2025-12-20T10:19:00.263+08:00 [ERRO] 获取最新K线失败: sql: no rows in result set 
Stack:
1.  cex-exchange/internal/websocket.GetPriceChangeData
    /Users/zhanjun/IdeaProjects/cex-exchange/cex-exchange/internal/websocket/data.go:132
2.  cex-exchange/internal/websocket.SendMarketData
    /Users/zhanjun/IdeaProjects/cex-exchange/cex-exchange/internal/websocket/manager.go:208

2025-12-20T10:19:00.524+08:00 [ERRO] 获取最新K线失败: sql: no rows in result set 
Stack:
1.  cex-exchange/internal/websocket.GetPriceChangeData
    /Users/zhanjun/IdeaProjects/cex-exchange/cex-exchange/internal/websocket/data.go:132
2.  cex-exchange/internal/websocket.SendMarketData
    /Users/zhanjun/IdeaProjects/cex-exchange/cex-exchange/internal/websocket/manager.go:208

2025-12-20T10:19:00.776+08:00 [ERRO] 获取昨日K线失败: sql: no rows in result set 
Stack:
1.  cex-exchange/internal/websocket.GetPriceChangeData
    /Users/zhanjun/IdeaProjects/cex-exchange/cex-exchange/internal/websocket/data.go:149
2.  cex-exchange/internal/websocket.SendMarketData
    /Users/zhanjun/IdeaProjects/cex-exchange/cex-exchange/internal/websocket/manager.go:208

2025-12-20T10:19:00.817+08:00 [ERRO] 获取24小时成交量失败: element of parameter "pointer" for function Scan should type of struct/*struct/[]struct/[]*struct 
Stack:
1.  cex-exchange/internal/websocket.GetPriceChangeData
    /Users/zhanjun/IdeaProjects/cex-exchange/cex-exchange/internal/websocket/data.go:187
2.  cex-exchange/internal/websocket.SendMarketData
    /Users/zhanjun/IdeaProjects/cex-exchange/cex-exchange/internal/websocket/manager.go:208

2025-12-20T10:19:00.837+08:00 [ERRO] 获取最新K线失败: sql: no rows in result set 
Stack:
1.  cex-exchange/internal/websocket.GetPriceChangeData
    /Users/zhanjun/IdeaProjects/cex-exchange/cex-exchange/internal/websocket/data.go:132
2.  cex-exchange/internal/websocket.SendMarketData
    /Users/zhanjun/IdeaProjects/cex-exchange/cex-exchange/internal/websocket/manager.go:208

2025-12-20T10:19:00.925+08:00 [ERRO] 获取24小时成交量失败: element of parameter "pointer" for function Scan should type of struct/*struct/[]struct/[]*struct 
Stack:
1.  cex-exchange/internal/websocket.GetPriceChangeData
    /Users/zhanjun/IdeaProjects/cex-exchange/cex-exchange/internal/websocket/data.go:187
2.  cex-exchange/internal/websocket.SendMarketData
    /Users/zhanjun/IdeaProjects/cex-exchange/cex-exchange/internal/websocket/manager.go:208

2025-12-20T10:19:01.148+08:00 [ERRO] 获取24小时成交量失败: element of parameter "pointer" for function Scan should type of struct/*struct/[]struct/[]*struct 
Stack:
1.  cex-exchange/internal/websocket.GetPriceChangeData
    /Users/zhanjun/IdeaProjects/cex-exchange/cex-exchange/internal/websocket/data.go:187
2.  cex-exchange/internal/websocket.SendMarketData
    /Users/zhanjun/IdeaProjects/cex-exchange/cex-exchange/internal/websocket/manager.go:208

2025-12-20T10:19:01.184+08:00 [ERRO] 获取昨日K线失败: sql: no rows in result set 
Stack:
1.  cex-exchange/internal/websocket.GetPriceChangeData
    /Users/zhanjun/IdeaProjects/cex-exchange/cex-exchange/internal/websocket/data.go:149
2.  cex-exchange/internal/websocket.SendMarketData
    /Users/zhanjun/IdeaProjects/cex-exchange/cex-exchange/internal/websocket/manager.go:208

2025-12-20T10:19:01.493+08:00 [ERRO] 获取最新K线失败: sql: no rows in result set 
Stack:
1.  cex-exchange/internal/websocket.GetPriceChangeData
    /Users/zhanjun/IdeaProjects/cex-exchange/cex-exchange/internal/websocket/data.go:132
2.  cex-exchange/internal/websocket.SendMarketData
    /Users/zhanjun/IdeaProjects/cex-exchange/cex-exchange/internal/websocket/manager.go:208

2025-12-20T10:19:01.499+08:00 [ERRO] 获取最新K线失败: sql: no rows in result set 
Stack:
1.  cex-exchange/internal/websocket.GetPriceChangeData
    /Users/zhanjun/IdeaProjects/cex-exchange/cex-exchange/internal/websocket/data.go:132
2.  cex-exchange/internal/websocket.SendMarketData
    /Users/zhanjun/IdeaProjects/cex-exchange/cex-exchange/internal/websocket/manager.go:208

2025-12-20T10:19:01.552+08:00 [ERRO] 获取昨日K线失败: sql: no rows in result set 
Stack:
1.  cex-exchange/internal/websocket.GetPriceChangeData
    /Users/zhanjun/IdeaProjects/cex-exchange/cex-exchange/internal/websocket/data.go:149
2.  cex-exchange/internal/websocket.SendMarketData
    /Users/zhanjun/IdeaProjects/cex-exchange/cex-exchange/internal/websocket/manager.go:208

2025-12-20T10:19:01.724+08:00 [ERRO] 获取24小时成交量失败: element of parameter "pointer" for function Scan should type of struct/*struct/[]struct/[]*struct 
Stack:
1.  cex-exchange/internal/websocket.GetPriceChangeData
    /Users/zhanjun/IdeaProjects/cex-exchange/cex-exchange/internal/websocket/data.go:187
2.  cex-exchange/internal/websocket.SendMarketData
    /Users/zhanjun/IdeaProjects/cex-exchange/cex-exchange/internal/websocket/manager.go:208

2025-12-20T10:19:02.158+08:00 [ERRO] 获取24小时成交量失败: element of parameter "pointer" for function Scan should type of struct/*struct/[]struct/[]*struct 
Stack:
1.  cex-exchange/internal/websocket.GetPriceChangeData
    /Users/zhanjun/IdeaProjects/cex-exchange/cex-exchange/internal/websocket/data.go:187
2.  cex-exchange/internal/websocket.SendMarketData
    /Users/zhanjun/IdeaProjects/cex-exchange/cex-exchange/internal/websocket/manager.go:208

2025-12-20T10:19:02.438+08:00 [ERRO] 获取昨日K线失败: sql: no rows in result set 
Stack:
1.  cex-exchange/internal/websocket.GetPriceChangeData
    /Users/zhanjun/IdeaProjects/cex-exchange/cex-exchange/internal/websocket/data.go:149
2.  cex-exchange/internal/websocket.SendMarketData
    /Users/zhanjun/IdeaProjects/cex-exchange/cex-exchange/internal/websocket/manager.go:208

2025-12-20T10:19:02.525+08:00 [ERRO] 获取24小时成交量失败: element of parameter "pointer" for function Scan should type of struct/*struct/[]struct/[]*struct 
Stack:
1.  cex-exchange/internal/websocket.GetPriceChangeData
    /Users/zhanjun/IdeaProjects/cex-exchange/cex-exchange/internal/websocket/data.go:187
2.  cex-exchange/internal/websocket.SendMarketData
    /Users/zhanjun/IdeaProjects/cex-exchange/cex-exchange/internal/websocket/manager.go:208

2025-12-20T10:19:02.579+08:00 [ERRO] 获取最新K线失败: sql: no rows in result set 
Stack:
1.  cex-exchange/internal/websocket.GetPriceChangeData
    /Users/zhanjun/IdeaProjects/cex-exchange/cex-exchange/internal/websocket/data.go:132
2.  cex-exchange/internal/websocket.SendMarketData
    /Users/zhanjun/IdeaProjects/cex-exchange/cex-exchange/internal/websocket/manager.go:208

2025-12-20T10:19:02.647+08:00 [ERRO] 获取最新K线失败: sql: no rows in result set 
Stack:
1.  cex-exchange/internal/websocket.GetPriceChangeData
    /Users/zhanjun/IdeaProjects/cex-exchange/cex-exchange/internal/websocket/data.go:132
2.  cex-exchange/internal/websocket.SendMarketData
    /Users/zhanjun/IdeaProjects/cex-exchange/cex-exchange/internal/websocket/manager.go:208

2025-12-20T10:19:03.390+08:00 [ERRO] 获取24小时成交量失败: element of parameter "pointer" for function Scan should type of struct/*struct/[]struct/[]*struct 
Stack:
1.  cex-exchange/internal/websocket.GetPriceChangeData
    /Users/zhanjun/IdeaProjects/cex-exchange/cex-exchange/internal/websocket/data.go:187
2.  cex-exchange/internal/websocket.SendMarketData
    /Users/zhanjun/IdeaProjects/cex-exchange/cex-exchange/internal/websocket/manager.go:208

2025-12-20T10:19:03.496+08:00 [ERRO] 获取最新K线失败: sql: no rows in result set 
Stack:
1.  cex-exchange/internal/websocket.GetPriceChangeData
    /Users/zhanjun/IdeaProjects/cex-exchange/cex-exchange/internal/websocket/data.go:132
2.  cex-exchange/internal/websocket.SendMarketData
    /Users/zhanjun/IdeaProjects/cex-exchange/cex-exchange/internal/websocket/manager.go:208

2025-12-20T10:19:03.548+08:00 [ERRO] 获取昨日K线失败: sql: no rows in result set 
Stack:
1.  cex-exchange/internal/websocket.GetPriceChangeData
    /Users/zhanjun/IdeaProjects/cex-exchange/cex-exchange/internal/websocket/data.go:149
2.  cex-exchange/internal/websocket.SendMarketData
    /Users/zhanjun/IdeaProjects/cex-exchange/cex-exchange/internal/websocket/manager.go:208

2025-12-20T10:19:03.594+08:00 [ERRO] 获取最新K线失败: sql: no rows in result set 
Stack:
1.  cex-exchange/internal/websocket.GetPriceChangeData
    /Users/zhanjun/IdeaProjects/cex-exchange/cex-exchange/internal/websocket/data.go:132
2.  cex-exchange/internal/websocket.SendMarketData
    /Users/zhanjun/IdeaProjects/cex-exchange/cex-exchange/internal/websocket/manager.go:208

2025-12-20T10:19:04.487+08:00 [ERRO] 获取24小时成交量失败: element of parameter "pointer" for function Scan should type of struct/*struct/[]struct/[]*struct 
Stack:
1.  cex-exchange/internal/websocket.GetPriceChangeData
    /Users/zhanjun/IdeaProjects/cex-exchange/cex-exchange/internal/websocket/data.go:187
2.  cex-exchange/internal/websocket.SendMarketData
    /Users/zhanjun/IdeaProjects/cex-exchange/cex-exchange/internal/websocket/manager.go:208

2025-12-20T10:19:04.630+08:00 [ERRO] 获取最新K线失败: sql: no rows in result set 
Stack:
1.  cex-exchange/internal/websocket.GetPriceChangeData
    /Users/zhanjun/IdeaProjects/cex-exchange/cex-exchange/internal/websocket/data.go:132
2.  cex-exchange/internal/websocket.SendMarketData
    /Users/zhanjun/IdeaProjects/cex-exchange/cex-exchange/internal/websocket/manager.go:208

2025-12-20T10:19:04.690+08:00 [ERRO] 获取最新K线失败: sql: no rows in result set 
Stack:
1.  cex-exchange/internal/websocket.GetPriceChangeData
    /Users/zhanjun/IdeaProjects/cex-exchange/cex-exchange/internal/websocket/data.go:132
2.  cex-exchange/internal/websocket.SendMarketData
    /Users/zhanjun/IdeaProjects/cex-exchange/cex-exchange/internal/websocket/manager.go:208

2025-12-20T10:19:04.788+08:00 [ERRO] 获取昨日K线失败: sql: no rows in result set 
Stack:
1.  cex-exchange/internal/websocket.GetPriceChangeData
    /Users/zhanjun/IdeaProjects/cex-exchange/cex-exchange/internal/websocket/data.go:149
2.  cex-exchange/internal/websocket.SendMarketData
    /Users/zhanjun/IdeaProjects/cex-exchange/cex-exchange/internal/websocket/manager.go:208

2025-12-20T10:19:05.458+08:00 [ERRO] 获取最新K线失败: sql: no rows in result set 
Stack:
1.  cex-exchange/internal/websocket.GetPriceChangeData
    /Users/zhanjun/IdeaProjects/cex-exchange/cex-exchange/internal/websocket/data.go:132
2.  cex-exchange/internal/websocket.SendMarketData
    /Users/zhanjun/IdeaProjects/cex-exchange/cex-exchange/internal/websocket/manager.go:208

2025-12-20T10:19:05.477+08:00 [ERRO] 获取最新K线失败: sql: no rows in result set 
Stack:
1.  cex-exchange/internal/websocket.GetPriceChangeData
    /Users/zhanjun/IdeaProjects/cex-exchange/cex-exchange/internal/websocket/data.go:132
2.  cex-exchange/internal/websocket.SendMarketData
    /Users/zhanjun/IdeaProjects/cex-exchange/cex-exchange/internal/websocket/manager.go:208

2025-12-20T10:19:05.781+08:00 [ERRO] 获取24小时成交量失败: element of parameter "pointer" for function Scan should type of struct/*struct/[]struct/[]*struct 
Stack:
1.  cex-exchange/internal/websocket.GetPriceChangeData
    /Users/zhanjun/IdeaProjects/cex-exchange/cex-exchange/internal/websocket/data.go:187
2.  cex-exchange/internal/websocket.SendMarketData
    /Users/zhanjun/IdeaProjects/cex-exchange/cex-exchange/internal/websocket/manager.go:208

2025-12-20T10:19:06.292+08:00 [ERRO] 获取昨日K线失败: sql: no rows in result set 
Stack:
1.  cex-exchange/internal/websocket.GetPriceChangeData
    /Users/zhanjun/IdeaProjects/cex-exchange/cex-exchange/internal/websocket/data.go:149
2.  cex-exchange/internal/websocket.SendMarketData
    /Users/zhanjun/IdeaProjects/cex-exchange/cex-exchange/internal/websocket/manager.go:208

2025-12-20T10:19:06.305+08:00 [ERRO] 获取昨日K线失败: sql: no rows in result set 
Stack:
1.  cex-exchange/internal/websocket.GetPriceChangeData
    /Users/zhanjun/IdeaProjects/cex-exchange/cex-exchange/internal/websocket/data.go:149
2.  cex-exchange/internal/websocket.SendMarketData
    /Users/zhanjun/IdeaProjects/cex-exchange/cex-exchange/internal/websocket/manager.go:208

2025-12-20T10:19:06.492+08:00 [ERRO] 获取最新K线失败: sql: no rows in result set 
Stack:
1.  cex-exchange/internal/websocket.GetPriceChangeData
    /Users/zhanjun/IdeaProjects/cex-exchange/cex-exchange/internal/websocket/data.go:132
2.  cex-exchange/internal/websocket.SendMarketData
    /Users/zhanjun/IdeaProjects/cex-exchange/cex-exchange/internal/websocket/manager.go:208

2025-12-20T10:19:06.544+08:00 [ERRO] 获取最新K线失败: sql: no rows in result set 
Stack:
1.  cex-exchange/internal/websocket.GetPriceChangeData
    /Users/zhanjun/IdeaProjects/cex-exchange/cex-exchange/internal/websocket/data.go:132
2.  cex-exchange/internal/websocket.SendMarketData
    /Users/zhanjun/IdeaProjects/cex-exchange/cex-exchange/internal/websocket/manager.go:208

2025-12-20T10:19:07.237+08:00 [ERRO] 获取24小时成交量失败: element of parameter "pointer" for function Scan should type of struct/*struct/[]struct/[]*struct 
Stack:
1.  cex-exchange/internal/websocket.GetPriceChangeData
    /Users/zhanjun/IdeaProjects/cex-exchange/cex-exchange/internal/websocket/data.go:187
2.  cex-exchange/internal/websocket.SendMarketData
    /Users/zhanjun/IdeaProjects/cex-exchange/cex-exchange/internal/websocket/manager.go:208

2025-12-20T10:19:07.251+08:00 [ERRO] 获取24小时成交量失败: element of parameter "pointer" for function Scan should type of struct/*struct/[]struct/[]*struct 
Stack:
1.  cex-exchange/internal/websocket.GetPriceChangeData
    /Users/zhanjun/IdeaProjects/cex-exchange/cex-exchange/internal/websocket/data.go:187
2.  cex-exchange/internal/websocket.SendMarketData
    /Users/zhanjun/IdeaProjects/cex-exchange/cex-exchange/internal/websocket/manager.go:208

2025-12-20T10:19:07.559+08:00 [ERRO] 获取最新K线失败: sql: no rows in result set 
Stack:
1.  cex-exchange/internal/websocket.GetPriceChangeData
    /Users/zhanjun/IdeaProjects/cex-exchange/cex-exchange/internal/websocket/data.go:132
2.  cex-exchange/internal/websocket.SendMarketData
    /Users/zhanjun/IdeaProjects/cex-exchange/cex-exchange/internal/websocket/manager.go:208

2025-12-20T10:19:07.565+08:00 [ERRO] 获取最新K线失败: sql: no rows in result set 
Stack:
1.  cex-exchange/internal/websocket.GetPriceChangeData
    /Users/zhanjun/IdeaProjects/cex-exchange/cex-exchange/internal/websocket/data.go:132
2.  cex-exchange/internal/websocket.SendMarketData
    /Users/zhanjun/IdeaProjects/cex-exchange/cex-exchange/internal/websocket/manager.go:208

2025-12-20T10:19:07.634+08:00 [ERRO] 获取昨日K线失败: sql: no rows in result set 
Stack:
1.  cex-exchange/internal/websocket.GetPriceChangeData
    /Users/zhanjun/IdeaProjects/cex-exchange/cex-exchange/internal/websocket/data.go:149
2.  cex-exchange/internal/websocket.SendMarketData
    /Users/zhanjun/IdeaProjects/cex-exchange/cex-exchange/internal/websocket/manager.go:208

2025-12-20T10:19:08.484+08:00 [ERRO] 获取昨日K线失败: sql: no rows in result set 
Stack:
1.  cex-exchange/internal/websocket.GetPriceChangeData
    /Users/zhanjun/IdeaProjects/cex-exchange/cex-exchange/internal/websocket/data.go:149
2.  cex-exchange/internal/websocket.SendMarketData
    /Users/zhanjun/IdeaProjects/cex-exchange/cex-exchange/internal/websocket/manager.go:208

2025-12-20T10:19:08.519+08:00 [ERRO] 获取最新K线失败: sql: no rows in result set 
Stack:
1.  cex-exchange/internal/websocket.GetPriceChangeData
    /Users/zhanjun/IdeaProjects/cex-exchange/cex-exchange/internal/websocket/data.go:132
2.  cex-exchange/internal/websocket.SendMarketData
    /Users/zhanjun/IdeaProjects/cex-exchange/cex-exchange/internal/websocket/manager.go:208

2025-12-20T10:19:08.594+08:00 [ERRO] 获取最新K线失败: sql: no rows in result set 
Stack:
1.  cex-exchange/internal/websocket.GetPriceChangeData
    /Users/zhanjun/IdeaProjects/cex-exchange/cex-exchange/internal/websocket/data.go:132
2.  cex-exchange/internal/websocket.SendMarketData
    /Users/zhanjun/IdeaProjects/cex-exchange/cex-exchange/internal/websocket/manager.go:208

2025-12-20T10:19:08.606+08:00 [ERRO] 获取24小时成交量失败: element of parameter "pointer" for function Scan should type of struct/*struct/[]struct/[]*struct 
Stack:
1.  cex-exchange/internal/websocket.GetPriceChangeData
    /Users/zhanjun/IdeaProjects/cex-exchange/cex-exchange/internal/websocket/data.go:187
2.  cex-exchange/internal/websocket.SendMarketData
    /Users/zhanjun/IdeaProjects/cex-exchange/cex-exchange/internal/websocket/manager.go:208

2025-12-20T10:19:09.437+08:00 [ERRO] 获取24小时成交量失败: element of parameter "pointer" for function Scan should type of struct/*struct/[]struct/[]*struct 
Stack:
1.  cex-exchange/internal/websocket.GetPriceChangeData
    /Users/zhanjun/IdeaProjects/cex-exchange/cex-exchange/internal/websocket/data.go:187
2.  cex-exchange/internal/websocket.SendMarketData
    /Users/zhanjun/IdeaProjects/cex-exchange/cex-exchange/internal/websocket/manager.go:208

2025-12-20T10:19:09.464+08:00 [ERRO] 获取昨日K线失败: sql: no rows in result set 
Stack:
1.  cex-exchange/internal/websocket.GetPriceChangeData
    /Users/zhanjun/IdeaProjects/cex-exchange/cex-exchange/internal/websocket/data.go:149
2.  cex-exchange/internal/websocket.SendMarketData
    /Users/zhanjun/IdeaProjects/cex-exchange/cex-exchange/internal/websocket/manager.go:208

2025-12-20T10:19:09.471+08:00 [ERRO] 获取最新K线失败: sql: no rows in result set 
Stack:
1.  cex-exchange/internal/websocket.GetPriceChangeData
    /Users/zhanjun/IdeaProjects/cex-exchange/cex-exchange/internal/websocket/data.go:132
2.  cex-exchange/internal/websocket.SendMarketData
    /Users/zhanjun/IdeaProjects/cex-exchange/cex-exchange/internal/websocket/manager.go:208

2025-12-20T10:19:09.778+08:00 [ERRO] 获取最新K线失败: sql: no rows in result set 
Stack:
1.  cex-exchange/internal/websocket.GetPriceChangeData
    /Users/zhanjun/IdeaProjects/cex-exchange/cex-exchange/internal/websocket/data.go:132
2.  cex-exchange/internal/websocket.SendMarketData
    /Users/zhanjun/IdeaProjects/cex-exchange/cex-exchange/internal/websocket/manager.go:208

2025-12-20T10:19:10.409+08:00 [ERRO] 获取24小时成交量失败: element of parameter "pointer" for function Scan should type of struct/*struct/[]struct/[]*struct 
Stack:
1.  cex-exchange/internal/websocket.GetPriceChangeData
    /Users/zhanjun/IdeaProjects/cex-exchange/cex-exchange/internal/websocket/data.go:187
2.  cex-exchange/internal/websocket.SendMarketData
    /Users/zhanjun/IdeaProjects/cex-exchange/cex-exchange/internal/websocket/manager.go:208

2025-12-20T10:19:10.479+08:00 [ERRO] 获取最新K线失败: sql: no rows in result set 
Stack:
1.  cex-exchange/internal/websocket.GetPriceChangeData
    /Users/zhanjun/IdeaProjects/cex-exchange/cex-exchange/internal/websocket/data.go:132
2.  cex-exchange/internal/websocket.SendMarketData
    /Users/zhanjun/IdeaProjects/cex-exchange/cex-exchange/internal/websocket/manager.go:208

2025-12-20T10:19:10.508+08:00 [INFO] pid[72616]: all servers shutdown
2025-12-20T10:20:52.798+08:00 [INFO] {783c3b300bcb8218eb842e3b84b41940} Config path set to: manifest/config
2025-12-20T10:20:55.865+08:00 [INFO] {783c3b300bcb8218eb842e3b84b41940} ✅ Database connected successfully!
2025-12-20T10:20:57.604+08:00 [INFO] ✅ Redis connected successfully (v8)!
2025-12-20T10:20:57.611+08:00 [INFO] openapi specification is disabled
2025-12-20T10:20:57.611+08:00 [INFO] pid[72893]: http server started listening on [:8080]

----------|--------|-------------------------------|--------------------------------------------------------------------------|--------------------
| ADDRESS | METHOD |             ROUTE             |                                 HANDLER                                  |    MIDDLEWARE     |
----------|--------|-------------------------------|--------------------------------------------------------------------------|--------------------
| :8080   | ALL    | /*                            | cex-exchange/internal/middleware.ResponseHandler                         | GLOBAL MIDDLEWARE |
----------|--------|-------------------------------|--------------------------------------------------------------------------|--------------------
| :8080   | GET    | /api/accounts                 | cex-exchange/internal/controller/funds.(*ControllerV1).ListAccounts      | middleware.Auth   |
----------|--------|-------------------------------|--------------------------------------------------------------------------|--------------------
| :8080   | GET    | /api/admin/accounts           | cex-exchange/internal/controller/admin.(*ControllerV1).ListAccounts      | middleware.Auth   |
----------|--------|-------------------------------|--------------------------------------------------------------------------|--------------------
| :8080   | POST   | /api/admin/accounts/add-funds | cex-exchange/internal/controller/admin.(*ControllerV1).AddFunds          | middleware.Auth   |
----------|--------|-------------------------------|--------------------------------------------------------------------------|--------------------
| :8080   | GET    | /api/admin/orders             | cex-exchange/internal/controller/admin.(*ControllerV1).ListOrders        | middleware.Auth   |
----------|--------|-------------------------------|--------------------------------------------------------------------------|--------------------
| :8080   | POST   | /api/admin/orders/{id}/cancel | cex-exchange/internal/controller/admin.(*ControllerV1).CancelOrder       | middleware.Auth   |
----------|--------|-------------------------------|--------------------------------------------------------------------------|--------------------
| :8080   | GET    | /api/admin/users              | cex-exchange/internal/controller/admin.(*ControllerV1).ListUsers         | middleware.Auth   |
----------|--------|-------------------------------|--------------------------------------------------------------------------|--------------------
| :8080   | POST   | /api/deposit                  | cex-exchange/internal/controller/funds.(*ControllerV1).Deposit           | middleware.Auth   |
----------|--------|-------------------------------|--------------------------------------------------------------------------|--------------------
| :8080   | POST   | /api/login                    | cex-exchange/internal/controller/auth.(*ControllerV1).Login              |                   |
----------|--------|-------------------------------|--------------------------------------------------------------------------|--------------------
| :8080   | GET    | /api/my_orders                | cex-exchange/internal/controller/order.(*ControllerV1).ListMyOrders      | middleware.Auth   |
----------|--------|-------------------------------|--------------------------------------------------------------------------|--------------------
| :8080   | GET    | /api/my_trades                | cex-exchange/internal/controller/order.(*ControllerV1).ListMyTrades      | middleware.Auth   |
----------|--------|-------------------------------|--------------------------------------------------------------------------|--------------------
| :8080   | POST   | /api/order                    | cex-exchange/internal/controller/order.(*ControllerV1).PlaceOrder        | middleware.Auth   |
----------|--------|-------------------------------|--------------------------------------------------------------------------|--------------------
| :8080   | POST   | /api/order/cancel/:id         | cex-exchange/internal/controller/order.(*ControllerV1).CancelOrder       | middleware.Auth   |
----------|--------|-------------------------------|--------------------------------------------------------------------------|--------------------
| :8080   | GET    | /api/orderbook                | cex-exchange/internal/controller/trade.(*ControllerV1).GetOrderBook      | middleware.Auth   |
----------|--------|-------------------------------|--------------------------------------------------------------------------|--------------------
| :8080   | POST   | /api/register                 | cex-exchange/internal/controller/auth.(*ControllerV1).Register           |                   |
----------|--------|-------------------------------|--------------------------------------------------------------------------|--------------------
| :8080   | GET    | /api/trades                   | cex-exchange/internal/controller/trade.(*ControllerV1).GetTrades         | middleware.Auth   |
----------|--------|-------------------------------|--------------------------------------------------------------------------|--------------------
| :8080   | GET    | /ws                           | cex-exchange/internal/controller/websocket.(*Controller).HandleWebSocket |                   |
----------|--------|-------------------------------|--------------------------------------------------------------------------|--------------------
| :8080   | GET    | /ws/status                    | cex-exchange/internal/controller/websocket.(*Controller).GetStatus       |                   |
----------|--------|-------------------------------|--------------------------------------------------------------------------|--------------------

2025-12-20T10:21:05.955+08:00 [ERRO] {98ca88400ecb8218ed842e3be644b271} JWT Parse Error: Token is expired, Token Valid: false 
Stack:
1.  cex-exchange/internal/middleware.Auth
    /Users/zhanjun/IdeaProjects/cex-exchange/cex-exchange/internal/middleware/auth.go:43
2.  cex-exchange/internal/middleware.ResponseHandler
    /Users/zhanjun/IdeaProjects/cex-exchange/cex-exchange/internal/middleware/middleware.go:16
3.  cex-exchange/internal/middleware.CORS
    /Users/zhanjun/IdeaProjects/cex-exchange/cex-exchange/internal/middleware/middleware.go:11

2025-12-20T10:21:08.486+08:00 [ERRO] {50f464d70ecb8218ef842e3bca0fdf44} JWT Parse Error: Token is expired, Token Valid: false 
Stack:
1.  cex-exchange/internal/middleware.Auth
    /Users/zhanjun/IdeaProjects/cex-exchange/cex-exchange/internal/middleware/auth.go:43
2.  cex-exchange/internal/middleware.ResponseHandler
    /Users/zhanjun/IdeaProjects/cex-exchange/cex-exchange/internal/middleware/middleware.go:16
3.  cex-exchange/internal/middleware.CORS
    /Users/zhanjun/IdeaProjects/cex-exchange/cex-exchange/internal/middleware/middleware.go:11

2025-12-20T10:21:08.528+08:00 [ERRO] {103adad90ecb8218f0842e3bfb34f3f4} JWT Parse Error: Token is expired, Token Valid: false 
Stack:
1.  cex-exchange/internal/middleware.Auth
    /Users/zhanjun/IdeaProjects/cex-exchange/cex-exchange/internal/middleware/auth.go:43
2.  cex-exchange/internal/middleware.ResponseHandler
    /Users/zhanjun/IdeaProjects/cex-exchange/cex-exchange/internal/middleware/middleware.go:16
3.  cex-exchange/internal/middleware.CORS
    /Users/zhanjun/IdeaProjects/cex-exchange/cex-exchange/internal/middleware/middleware.go:11

2025-12-20T10:21:39.285+08:00 [WARN] {280492ed15cb8218f7842e3b3e55b28b} Redis Get Error: redis: nil
2025-12-20T10:21:39.286+08:00 [INFO] {280492ed15cb8218f7842e3b3e55b28b} ⚠️ Cache Miss for user: 2
2025-12-20T10:21:42.877+08:00 [INFO] {280492ed15cb8218f7842e3b3e55b28b} ✅ Cache Set Success for user: 2
2025-12-20T11:32:06.937+08:00 [INFO] {6067c056eece8218ed629d50b98bdc4c} Config path set to: manifest/config
2025-12-20T11:32:09.777+08:00 [INFO] {6067c056eece8218ed629d50b98bdc4c} ✅ Database connected successfully!
2025-12-20T11:32:11.300+08:00 [INFO] ✅ Redis connected successfully (v8)!
2025-12-20T11:32:11.311+08:00 [INFO] openapi specification is disabled
2025-12-20T11:32:11.311+08:00 [INFO] pid[79724]: http server started listening on [:8080]

----------|--------|-------------------------------|--------------------------------------------------------------------------|--------------------
| ADDRESS | METHOD |             ROUTE             |                                 HANDLER                                  |    MIDDLEWARE     |
----------|--------|-------------------------------|--------------------------------------------------------------------------|--------------------
| :8080   | ALL    | /*                            | cex-exchange/internal/middleware.ResponseHandler                         | GLOBAL MIDDLEWARE |
----------|--------|-------------------------------|--------------------------------------------------------------------------|--------------------
| :8080   | GET    | /api/accounts                 | cex-exchange/internal/controller/funds.(*ControllerV1).ListAccounts      | middleware.Auth   |
----------|--------|-------------------------------|--------------------------------------------------------------------------|--------------------
| :8080   | GET    | /api/admin/accounts           | cex-exchange/internal/controller/admin.(*ControllerV1).ListAccounts      | middleware.Auth   |
----------|--------|-------------------------------|--------------------------------------------------------------------------|--------------------
| :8080   | POST   | /api/admin/accounts/add-funds | cex-exchange/internal/controller/admin.(*ControllerV1).AddFunds          | middleware.Auth   |
----------|--------|-------------------------------|--------------------------------------------------------------------------|--------------------
| :8080   | GET    | /api/admin/orders             | cex-exchange/internal/controller/admin.(*ControllerV1).ListOrders        | middleware.Auth   |
----------|--------|-------------------------------|--------------------------------------------------------------------------|--------------------
| :8080   | POST   | /api/admin/orders/{id}/cancel | cex-exchange/internal/controller/admin.(*ControllerV1).CancelOrder       | middleware.Auth   |
----------|--------|-------------------------------|--------------------------------------------------------------------------|--------------------
| :8080   | GET    | /api/admin/users              | cex-exchange/internal/controller/admin.(*ControllerV1).ListUsers         | middleware.Auth   |
----------|--------|-------------------------------|--------------------------------------------------------------------------|--------------------
| :8080   | POST   | /api/deposit                  | cex-exchange/internal/controller/funds.(*ControllerV1).Deposit           | middleware.Auth   |
----------|--------|-------------------------------|--------------------------------------------------------------------------|--------------------
| :8080   | POST   | /api/login                    | cex-exchange/internal/controller/auth.(*ControllerV1).Login              |                   |
----------|--------|-------------------------------|--------------------------------------------------------------------------|--------------------
| :8080   | GET    | /api/my_orders                | cex-exchange/internal/controller/order.(*ControllerV1).ListMyOrders      | middleware.Auth   |
----------|--------|-------------------------------|--------------------------------------------------------------------------|--------------------
| :8080   | GET    | /api/my_trades                | cex-exchange/internal/controller/order.(*ControllerV1).ListMyTrades      | middleware.Auth   |
----------|--------|-------------------------------|--------------------------------------------------------------------------|--------------------
| :8080   | POST   | /api/order                    | cex-exchange/internal/controller/order.(*ControllerV1).PlaceOrder        | middleware.Auth   |
----------|--------|-------------------------------|--------------------------------------------------------------------------|--------------------
| :8080   | POST   | /api/order/cancel/:id         | cex-exchange/internal/controller/order.(*ControllerV1).CancelOrder       | middleware.Auth   |
----------|--------|-------------------------------|--------------------------------------------------------------------------|--------------------
| :8080   | GET    | /api/orderbook                | cex-exchange/internal/controller/trade.(*ControllerV1).GetOrderBook      | middleware.Auth   |
----------|--------|-------------------------------|--------------------------------------------------------------------------|--------------------
| :8080   | POST   | /api/register                 | cex-exchange/internal/controller/auth.(*ControllerV1).Register           |                   |
----------|--------|-------------------------------|--------------------------------------------------------------------------|--------------------
| :8080   | GET    | /api/trades                   | cex-exchange/internal/controller/trade.(*ControllerV1).GetTrades         | middleware.Auth   |
----------|--------|-------------------------------|--------------------------------------------------------------------------|--------------------
| :8080   | GET    | /ws                           | cex-exchange/internal/controller/websocket.(*Controller).HandleWebSocket |                   |
----------|--------|-------------------------------|--------------------------------------------------------------------------|--------------------
| :8080   | GET    | /ws/status                    | cex-exchange/internal/controller/websocket.(*Controller).GetStatus       |                   |
----------|--------|-------------------------------|--------------------------------------------------------------------------|--------------------

2025-12-20T11:50:14.687+08:00 [INFO] {80d3b199ebcf82185e7b3d3f1c25ca8d} Config path set to: manifest/config
2025-12-20T11:50:17.530+08:00 [INFO] {80d3b199ebcf82185e7b3d3f1c25ca8d} ✅ Database connected successfully!
2025-12-20T11:50:19.039+08:00 [INFO] ✅ Redis connected successfully (v8)!
2025-12-20T11:50:19.046+08:00 [INFO] pid[81471]: http server started listening on [:8080]
2025-12-20T11:50:19.046+08:00 [INFO] openapi specification is disabled

----------|--------|-------------------------------|--------------------------------------------------------------------------|--------------------
| ADDRESS | METHOD |             ROUTE             |                                 HANDLER                                  |    MIDDLEWARE     |
----------|--------|-------------------------------|--------------------------------------------------------------------------|--------------------
| :8080   | ALL    | /*                            | cex-exchange/internal/middleware.ResponseHandler                         | GLOBAL MIDDLEWARE |
----------|--------|-------------------------------|--------------------------------------------------------------------------|--------------------
| :8080   | GET    | /api/accounts                 | cex-exchange/internal/controller/funds.(*ControllerV1).ListAccounts      | middleware.Auth   |
----------|--------|-------------------------------|--------------------------------------------------------------------------|--------------------
| :8080   | GET    | /api/admin/accounts           | cex-exchange/internal/controller/admin.(*ControllerV1).ListAccounts      | middleware.Auth   |
----------|--------|-------------------------------|--------------------------------------------------------------------------|--------------------
| :8080   | POST   | /api/admin/accounts/add-funds | cex-exchange/internal/controller/admin.(*ControllerV1).Adjust            | middleware.Auth   |
----------|--------|-------------------------------|--------------------------------------------------------------------------|--------------------
| :8080   | GET    | /api/admin/orders             | cex-exchange/internal/controller/admin.(*ControllerV1).ListOrders        | middleware.Auth   |
----------|--------|-------------------------------|--------------------------------------------------------------------------|--------------------
| :8080   | POST   | /api/admin/orders/{id}/cancel | cex-exchange/internal/controller/admin.(*ControllerV1).CancelOrder       | middleware.Auth   |
----------|--------|-------------------------------|--------------------------------------------------------------------------|--------------------
| :8080   | GET    | /api/admin/users              | cex-exchange/internal/controller/admin.(*ControllerV1).ListUsers         | middleware.Auth   |
----------|--------|-------------------------------|--------------------------------------------------------------------------|--------------------
| :8080   | POST   | /api/deposit                  | cex-exchange/internal/controller/funds.(*ControllerV1).Deposit           | middleware.Auth   |
----------|--------|-------------------------------|--------------------------------------------------------------------------|--------------------
| :8080   | POST   | /api/login                    | cex-exchange/internal/controller/auth.(*ControllerV1).Login              |                   |
----------|--------|-------------------------------|--------------------------------------------------------------------------|--------------------
| :8080   | GET    | /api/my_orders                | cex-exchange/internal/controller/order.(*ControllerV1).ListMyOrders      | middleware.Auth   |
----------|--------|-------------------------------|--------------------------------------------------------------------------|--------------------
| :8080   | GET    | /api/my_trades                | cex-exchange/internal/controller/order.(*ControllerV1).ListMyTrades      | middleware.Auth   |
----------|--------|-------------------------------|--------------------------------------------------------------------------|--------------------
| :8080   | POST   | /api/order                    | cex-exchange/internal/controller/order.(*ControllerV1).PlaceOrder        | middleware.Auth   |
----------|--------|-------------------------------|--------------------------------------------------------------------------|--------------------
| :8080   | POST   | /api/order/cancel/:id         | cex-exchange/internal/controller/order.(*ControllerV1).CancelOrder       | middleware.Auth   |
----------|--------|-------------------------------|--------------------------------------------------------------------------|--------------------
| :8080   | GET    | /api/orderbook                | cex-exchange/internal/controller/trade.(*ControllerV1).GetOrderBook      | middleware.Auth   |
----------|--------|-------------------------------|--------------------------------------------------------------------------|--------------------
| :8080   | POST   | /api/register                 | cex-exchange/internal/controller/auth.(*ControllerV1).Register           |                   |
----------|--------|-------------------------------|--------------------------------------------------------------------------|--------------------
| :8080   | GET    | /api/trades                   | cex-exchange/internal/controller/trade.(*ControllerV1).GetTrades         | middleware.Auth   |
----------|--------|-------------------------------|--------------------------------------------------------------------------|--------------------
| :8080   | GET    | /ws                           | cex-exchange/internal/controller/websocket.(*Controller).HandleWebSocket |                   |
----------|--------|-------------------------------|--------------------------------------------------------------------------|--------------------
| :8080   | GET    | /ws/status                    | cex-exchange/internal/controller/websocket.(*Controller).GetStatus       |                   |
----------|--------|-------------------------------|--------------------------------------------------------------------------|--------------------

2025-12-20T11:55:16.031+08:00 [INFO] {30ce28c331d0821879175a7315b0c12d} Config path set to: manifest/config
2025-12-20T11:55:18.907+08:00 [INFO] {30ce28c331d0821879175a7315b0c12d} ✅ Database connected successfully!
2025-12-20T11:55:20.445+08:00 [INFO] ✅ Redis connected successfully (v8)!
2025-12-20T11:55:20.451+08:00 [INFO] openapi specification is disabled
2025-12-20T11:55:20.451+08:00 [INFO] pid[81641]: http server started listening on [:8080]

----------|--------|-------------------------------|--------------------------------------------------------------------------|--------------------
| ADDRESS | METHOD |             ROUTE             |                                 HANDLER                                  |    MIDDLEWARE     |
----------|--------|-------------------------------|--------------------------------------------------------------------------|--------------------
| :8080   | ALL    | /*                            | cex-exchange/internal/middleware.ResponseHandler                         | GLOBAL MIDDLEWARE |
----------|--------|-------------------------------|--------------------------------------------------------------------------|--------------------
| :8080   | GET    | /api/accounts                 | cex-exchange/internal/controller/funds.(*ControllerV1).ListAccounts      | middleware.Auth   |
----------|--------|-------------------------------|--------------------------------------------------------------------------|--------------------
| :8080   | GET    | /api/admin/accounts           | cex-exchange/internal/controller/admin.(*ControllerV1).ListAccounts      | middleware.Auth   |
----------|--------|-------------------------------|--------------------------------------------------------------------------|--------------------
| :8080   | POST   | /api/admin/accounts/add-funds | cex-exchange/internal/controller/admin.(*ControllerV1).Adjust            | middleware.Auth   |
----------|--------|-------------------------------|--------------------------------------------------------------------------|--------------------
| :8080   | GET    | /api/admin/orders             | cex-exchange/internal/controller/admin.(*ControllerV1).ListOrders        | middleware.Auth   |
----------|--------|-------------------------------|--------------------------------------------------------------------------|--------------------
| :8080   | POST   | /api/admin/orders/{id}/cancel | cex-exchange/internal/controller/admin.(*ControllerV1).CancelOrder       | middleware.Auth   |
----------|--------|-------------------------------|--------------------------------------------------------------------------|--------------------
| :8080   | GET    | /api/admin/users              | cex-exchange/internal/controller/admin.(*ControllerV1).ListUsers         | middleware.Auth   |
----------|--------|-------------------------------|--------------------------------------------------------------------------|--------------------
| :8080   | POST   | /api/deposit                  | cex-exchange/internal/controller/funds.(*ControllerV1).Deposit           | middleware.Auth   |
----------|--------|-------------------------------|--------------------------------------------------------------------------|--------------------
| :8080   | POST   | /api/login                    | cex-exchange/internal/controller/auth.(*ControllerV1).Login              |                   |
----------|--------|-------------------------------|--------------------------------------------------------------------------|--------------------
| :8080   | GET    | /api/my_orders                | cex-exchange/internal/controller/order.(*ControllerV1).ListMyOrders      | middleware.Auth   |
----------|--------|-------------------------------|--------------------------------------------------------------------------|--------------------
| :8080   | GET    | /api/my_trades                | cex-exchange/internal/controller/order.(*ControllerV1).ListMyTrades      | middleware.Auth   |
----------|--------|-------------------------------|--------------------------------------------------------------------------|--------------------
| :8080   | POST   | /api/order                    | cex-exchange/internal/controller/order.(*ControllerV1).PlaceOrder        | middleware.Auth   |
----------|--------|-------------------------------|--------------------------------------------------------------------------|--------------------
| :8080   | POST   | /api/order/cancel/:id         | cex-exchange/internal/controller/order.(*ControllerV1).CancelOrder       | middleware.Auth   |
----------|--------|-------------------------------|--------------------------------------------------------------------------|--------------------
| :8080   | GET    | /api/orderbook                | cex-exchange/internal/controller/trade.(*ControllerV1).GetOrderBook      | middleware.Auth   |
----------|--------|-------------------------------|--------------------------------------------------------------------------|--------------------
| :8080   | POST   | /api/register                 | cex-exchange/internal/controller/auth.(*ControllerV1).Register           |                   |
----------|--------|-------------------------------|--------------------------------------------------------------------------|--------------------
| :8080   | GET    | /api/trades                   | cex-exchange/internal/controller/trade.(*ControllerV1).GetTrades         | middleware.Auth   |
----------|--------|-------------------------------|--------------------------------------------------------------------------|--------------------
| :8080   | GET    | /ws                           | cex-exchange/internal/controller/websocket.(*Controller).HandleWebSocket |                   |
----------|--------|-------------------------------|--------------------------------------------------------------------------|--------------------
| :8080   | GET    | /ws/status                    | cex-exchange/internal/controller/websocket.(*Controller).GetStatus       |                   |
----------|--------|-------------------------------|--------------------------------------------------------------------------|--------------------

2025-12-20T11:59:52.280+08:00 [INFO] {48a7eb1472d082182b38176e0a80c596} Config path set to: manifest/config
2025-12-20T11:59:55.237+08:00 [INFO] {48a7eb1472d082182b38176e0a80c596} ✅ Database connected successfully!
2025-12-20T11:59:56.774+08:00 [INFO] ✅ Redis connected successfully (v8)!
2025-12-20T11:59:56.783+08:00 [INFO] pid[81779]: http server started listening on [:8080]
2025-12-20T11:59:56.783+08:00 [INFO] openapi specification is disabled

----------|--------|-------------------------------|--------------------------------------------------------------------------|--------------------
| ADDRESS | METHOD |             ROUTE             |                                 HANDLER                                  |    MIDDLEWARE     |
----------|--------|-------------------------------|--------------------------------------------------------------------------|--------------------
| :8080   | ALL    | /*                            | cex-exchange/internal/middleware.ResponseHandler                         | GLOBAL MIDDLEWARE |
----------|--------|-------------------------------|--------------------------------------------------------------------------|--------------------
| :8080   | GET    | /api/accounts                 | cex-exchange/internal/controller/funds.(*ControllerV1).ListAccounts      | middleware.Auth   |
----------|--------|-------------------------------|--------------------------------------------------------------------------|--------------------
| :8080   | GET    | /api/admin/accounts           | cex-exchange/internal/controller/admin.(*ControllerV1).ListAccounts      | middleware.Auth   |
----------|--------|-------------------------------|--------------------------------------------------------------------------|--------------------
| :8080   | POST   | /api/admin/accounts/add-funds | cex-exchange/internal/controller/admin.(*ControllerV1).AddFunds          | middleware.Auth   |
----------|--------|-------------------------------|--------------------------------------------------------------------------|--------------------
| :8080   | POST   | /api/admin/accounts/adjust    | cex-exchange/internal/controller/admin.(*ControllerV1).Adjust            | middleware.Auth   |
----------|--------|-------------------------------|--------------------------------------------------------------------------|--------------------
| :8080   | GET    | /api/admin/orders             | cex-exchange/internal/controller/admin.(*ControllerV1).ListOrders        | middleware.Auth   |
----------|--------|-------------------------------|--------------------------------------------------------------------------|--------------------
| :8080   | POST   | /api/admin/orders/{id}/cancel | cex-exchange/internal/controller/admin.(*ControllerV1).CancelOrder       | middleware.Auth   |
----------|--------|-------------------------------|--------------------------------------------------------------------------|--------------------
| :8080   | GET    | /api/admin/users              | cex-exchange/internal/controller/admin.(*ControllerV1).ListUsers         | middleware.Auth   |
----------|--------|-------------------------------|--------------------------------------------------------------------------|--------------------
| :8080   | POST   | /api/deposit                  | cex-exchange/internal/controller/funds.(*ControllerV1).Deposit           | middleware.Auth   |
----------|--------|-------------------------------|--------------------------------------------------------------------------|--------------------
| :8080   | POST   | /api/login                    | cex-exchange/internal/controller/auth.(*ControllerV1).Login              |                   |
----------|--------|-------------------------------|--------------------------------------------------------------------------|--------------------
| :8080   | GET    | /api/my_orders                | cex-exchange/internal/controller/order.(*ControllerV1).ListMyOrders      | middleware.Auth   |
----------|--------|-------------------------------|--------------------------------------------------------------------------|--------------------
| :8080   | GET    | /api/my_trades                | cex-exchange/internal/controller/order.(*ControllerV1).ListMyTrades      | middleware.Auth   |
----------|--------|-------------------------------|--------------------------------------------------------------------------|--------------------
| :8080   | POST   | /api/order                    | cex-exchange/internal/controller/order.(*ControllerV1).PlaceOrder        | middleware.Auth   |
----------|--------|-------------------------------|--------------------------------------------------------------------------|--------------------
| :8080   | POST   | /api/order/cancel/:id         | cex-exchange/internal/controller/order.(*ControllerV1).CancelOrder       | middleware.Auth   |
----------|--------|-------------------------------|--------------------------------------------------------------------------|--------------------
| :8080   | GET    | /api/orderbook                | cex-exchange/internal/controller/trade.(*ControllerV1).GetOrderBook      | middleware.Auth   |
----------|--------|-------------------------------|--------------------------------------------------------------------------|--------------------
| :8080   | POST   | /api/register                 | cex-exchange/internal/controller/auth.(*ControllerV1).Register           |                   |
----------|--------|-------------------------------|--------------------------------------------------------------------------|--------------------
| :8080   | GET    | /api/trades                   | cex-exchange/internal/controller/trade.(*ControllerV1).GetTrades         | middleware.Auth   |
----------|--------|-------------------------------|--------------------------------------------------------------------------|--------------------
| :8080   | GET    | /ws                           | cex-exchange/internal/controller/websocket.(*Controller).HandleWebSocket |                   |
----------|--------|-------------------------------|--------------------------------------------------------------------------|--------------------
| :8080   | GET    | /ws/status                    | cex-exchange/internal/controller/websocket.(*Controller).GetStatus       |                   |
----------|--------|-------------------------------|--------------------------------------------------------------------------|--------------------

2025-12-20T12:03:00.256+08:00 [INFO] {a02020d99dd08218a91dc35180785410} Config path set to: manifest/config
2025-12-20T12:03:03.081+08:00 [INFO] {a02020d99dd08218a91dc35180785410} ✅ Database connected successfully!
2025-12-20T12:03:04.569+08:00 [INFO] ✅ Redis connected successfully (v8)!
2025-12-20T12:03:04.578+08:00 [INFO] pid[81892]: http server started listening on [:8080]
2025-12-20T12:03:04.578+08:00 [INFO] openapi specification is disabled

----------|--------|-------------------------------|--------------------------------------------------------------------------|--------------------
| ADDRESS | METHOD |             ROUTE             |                                 HANDLER                                  |    MIDDLEWARE     |
----------|--------|-------------------------------|--------------------------------------------------------------------------|--------------------
| :8080   | ALL    | /*                            | cex-exchange/internal/middleware.ResponseHandler                         | GLOBAL MIDDLEWARE |
----------|--------|-------------------------------|--------------------------------------------------------------------------|--------------------
| :8080   | GET    | /api/accounts                 | cex-exchange/internal/controller/funds.(*ControllerV1).ListAccounts      | middleware.Auth   |
----------|--------|-------------------------------|--------------------------------------------------------------------------|--------------------
| :8080   | GET    | /api/admin/accounts           | cex-exchange/internal/controller/admin.(*ControllerV1).ListAccounts      | middleware.Auth   |
----------|--------|-------------------------------|--------------------------------------------------------------------------|--------------------
| :8080   | POST   | /api/admin/accounts/add-funds | cex-exchange/internal/controller/admin.(*ControllerV1).AddFunds          | middleware.Auth   |
----------|--------|-------------------------------|--------------------------------------------------------------------------|--------------------
| :8080   | POST   | /api/admin/accounts/adjust    | cex-exchange/internal/controller/admin.(*ControllerV1).Adjust            | middleware.Auth   |
----------|--------|-------------------------------|--------------------------------------------------------------------------|--------------------
| :8080   | GET    | /api/admin/orders             | cex-exchange/internal/controller/admin.(*ControllerV1).ListOrders        | middleware.Auth   |
----------|--------|-------------------------------|--------------------------------------------------------------------------|--------------------
| :8080   | POST   | /api/admin/orders/{id}/cancel | cex-exchange/internal/controller/admin.(*ControllerV1).CancelOrder       | middleware.Auth   |
----------|--------|-------------------------------|--------------------------------------------------------------------------|--------------------
| :8080   | GET    | /api/admin/users              | cex-exchange/internal/controller/admin.(*ControllerV1).ListUsers         | middleware.Auth   |
----------|--------|-------------------------------|--------------------------------------------------------------------------|--------------------
| :8080   | POST   | /api/deposit                  | cex-exchange/internal/controller/funds.(*ControllerV1).Deposit           | middleware.Auth   |
----------|--------|-------------------------------|--------------------------------------------------------------------------|--------------------
| :8080   | POST   | /api/login                    | cex-exchange/internal/controller/auth.(*ControllerV1).Login              |                   |
----------|--------|-------------------------------|--------------------------------------------------------------------------|--------------------
| :8080   | GET    | /api/my_orders                | cex-exchange/internal/controller/order.(*ControllerV1).ListMyOrders      | middleware.Auth   |
----------|--------|-------------------------------|--------------------------------------------------------------------------|--------------------
| :8080   | GET    | /api/my_trades                | cex-exchange/internal/controller/order.(*ControllerV1).ListMyTrades      | middleware.Auth   |
----------|--------|-------------------------------|--------------------------------------------------------------------------|--------------------
| :8080   | POST   | /api/order                    | cex-exchange/internal/controller/order.(*ControllerV1).PlaceOrder        | middleware.Auth   |
----------|--------|-------------------------------|--------------------------------------------------------------------------|--------------------
| :8080   | POST   | /api/order/cancel/:id         | cex-exchange/internal/controller/order.(*ControllerV1).CancelOrder       | middleware.Auth   |
----------|--------|-------------------------------|--------------------------------------------------------------------------|--------------------
| :8080   | GET    | /api/orderbook                | cex-exchange/internal/controller/trade.(*ControllerV1).GetOrderBook      | middleware.Auth   |
----------|--------|-------------------------------|--------------------------------------------------------------------------|--------------------
| :8080   | POST   | /api/register                 | cex-exchange/internal/controller/auth.(*ControllerV1).Register           |                   |
----------|--------|-------------------------------|--------------------------------------------------------------------------|--------------------
| :8080   | GET    | /api/trades                   | cex-exchange/internal/controller/trade.(*ControllerV1).GetTrades         | middleware.Auth   |
----------|--------|-------------------------------|--------------------------------------------------------------------------|--------------------
| :8080   | GET    | /ws                           | cex-exchange/internal/controller/websocket.(*Controller).HandleWebSocket |                   |
----------|--------|-------------------------------|--------------------------------------------------------------------------|--------------------
| :8080   | GET    | /ws/status                    | cex-exchange/internal/controller/websocket.(*Controller).GetStatus       |                   |
----------|--------|-------------------------------|--------------------------------------------------------------------------|--------------------

2025-12-20T16:55:47.141+08:00 [INFO] {a0ad26f597e0821838f7c3773c9fb5c1} Config path set to: manifest/config
2025-12-20T16:55:50.168+08:00 [INFO] {a0ad26f597e0821838f7c3773c9fb5c1} ✅ Database connected successfully!
2025-12-20T16:55:51.727+08:00 [INFO] ✅ Redis connected successfully (v8)!
2025-12-20T16:55:51.734+08:00 [INFO] openapi specification is disabled
2025-12-20T16:55:51.734+08:00 [INFO] pid[96814]: http server started listening on [:8080]

----------|--------|-------------------------------|--------------------------------------------------------------------------|--------------------
| ADDRESS | METHOD |             ROUTE             |                                 HANDLER                                  |    MIDDLEWARE     |
----------|--------|-------------------------------|--------------------------------------------------------------------------|--------------------
| :8080   | ALL    | /*                            | cex-exchange/internal/middleware.ResponseHandler                         | GLOBAL MIDDLEWARE |
----------|--------|-------------------------------|--------------------------------------------------------------------------|--------------------
| :8080   | GET    | /api/accounts                 | cex-exchange/internal/controller/funds.(*ControllerV1).ListAccounts      | middleware.Auth   |
----------|--------|-------------------------------|--------------------------------------------------------------------------|--------------------
| :8080   | GET    | /api/admin/accounts           | cex-exchange/internal/controller/admin.(*ControllerV1).ListAccounts      | middleware.Auth   |
----------|--------|-------------------------------|--------------------------------------------------------------------------|--------------------
| :8080   | POST   | /api/admin/accounts/add-funds | cex-exchange/internal/controller/admin.(*ControllerV1).AddFunds          | middleware.Auth   |
----------|--------|-------------------------------|--------------------------------------------------------------------------|--------------------
| :8080   | POST   | /api/admin/accounts/adjust    | cex-exchange/internal/controller/admin.(*ControllerV1).Adjust            | middleware.Auth   |
----------|--------|-------------------------------|--------------------------------------------------------------------------|--------------------
| :8080   | GET    | /api/admin/orders             | cex-exchange/internal/controller/admin.(*ControllerV1).ListOrders        | middleware.Auth   |
----------|--------|-------------------------------|--------------------------------------------------------------------------|--------------------
| :8080   | POST   | /api/admin/orders/{id}/cancel | cex-exchange/internal/controller/admin.(*ControllerV1).CancelOrder       | middleware.Auth   |
----------|--------|-------------------------------|--------------------------------------------------------------------------|--------------------
| :8080   | GET    | /api/admin/users              | cex-exchange/internal/controller/admin.(*ControllerV1).ListUsers         | middleware.Auth   |
----------|--------|-------------------------------|--------------------------------------------------------------------------|--------------------
| :8080   | POST   | /api/deposit                  | cex-exchange/internal/controller/funds.(*ControllerV1).Deposit           | middleware.Auth   |
----------|--------|-------------------------------|--------------------------------------------------------------------------|--------------------
| :8080   | POST   | /api/login                    | cex-exchange/internal/controller/auth.(*ControllerV1).Login              |                   |
----------|--------|-------------------------------|--------------------------------------------------------------------------|--------------------
| :8080   | GET    | /api/my_orders                | cex-exchange/internal/controller/order.(*ControllerV1).ListMyOrders      | middleware.Auth   |
----------|--------|-------------------------------|--------------------------------------------------------------------------|--------------------
| :8080   | GET    | /api/my_trades                | cex-exchange/internal/controller/order.(*ControllerV1).ListMyTrades      | middleware.Auth   |
----------|--------|-------------------------------|--------------------------------------------------------------------------|--------------------
| :8080   | POST   | /api/order                    | cex-exchange/internal/controller/order.(*ControllerV1).PlaceOrder        | middleware.Auth   |
----------|--------|-------------------------------|--------------------------------------------------------------------------|--------------------
| :8080   | POST   | /api/order/cancel/:id         | cex-exchange/internal/controller/order.(*ControllerV1).CancelOrder       | middleware.Auth   |
----------|--------|-------------------------------|--------------------------------------------------------------------------|--------------------
| :8080   | GET    | /api/orderbook                | cex-exchange/internal/controller/trade.(*ControllerV1).GetOrderBook      | middleware.Auth   |
----------|--------|-------------------------------|--------------------------------------------------------------------------|--------------------
| :8080   | POST   | /api/register                 | cex-exchange/internal/controller/auth.(*ControllerV1).Register           |                   |
----------|--------|-------------------------------|--------------------------------------------------------------------------|--------------------
| :8080   | GET    | /api/trades                   | cex-exchange/internal/controller/trade.(*ControllerV1).GetTrades         | middleware.Auth   |
----------|--------|-------------------------------|--------------------------------------------------------------------------|--------------------
| :8080   | GET    | /ws                           | cex-exchange/internal/controller/websocket.(*Controller).HandleWebSocket |                   |
----------|--------|-------------------------------|--------------------------------------------------------------------------|--------------------
| :8080   | GET    | /ws/status                    | cex-exchange/internal/controller/websocket.(*Controller).GetStatus       |                   |
----------|--------|-------------------------------|--------------------------------------------------------------------------|--------------------

2025-12-20T16:56:20.554+08:00 [ERRO] {50fc22489fe082183af7c3770a5d7152} Login failed: password mismatch for user: ggg 
Stack:
1.  cex-exchange/internal/controller/auth.(*ControllerV1).Login
    /Users/zhanjun/IdeaProjects/cex-exchange/cex-exchange/internal/controller/auth/auth_v1.go:101
2.  cex-exchange/internal/middleware.ResponseHandler
    /Users/zhanjun/IdeaProjects/cex-exchange/cex-exchange/internal/middleware/middleware.go:16
3.  cex-exchange/internal/middleware.CORS
    /Users/zhanjun/IdeaProjects/cex-exchange/cex-exchange/internal/middleware/middleware.go:11

