2025-12-21T12:16:35.761+08:00 [INFO] {c850414af01f83184d7b3e3570356ac9} Config path set to: manifest/config
2025-12-21T12:16:38.869+08:00 [INFO] {c850414af01f83184d7b3e3570356ac9} ✅ Database connected successfully!
2025-12-21T12:16:40.402+08:00 [INFO] ✅ Redis connected successfully (v8)!
2025-12-21T12:16:40.406+08:00 [INFO] openapi specification is disabled
2025-12-21T12:16:40.406+08:00 [INFO] pid[20636]: http server started listening on [:8081]

----------|--------|-------------------------------|--------------------------------------------------------------------------|--------------------
| ADDRESS | METHOD |             ROUTE             |                                 HANDLER                                  |    MIDDLEWARE     |
----------|--------|-------------------------------|--------------------------------------------------------------------------|--------------------
| :8081   | ALL    | /*                            | cex-exchange/internal/middleware.ResponseHandler                         | GLOBAL MIDDLEWARE |
----------|--------|-------------------------------|--------------------------------------------------------------------------|--------------------
| :8081   | GET    | /api/accounts                 | cex-exchange/internal/controller/funds.(*ControllerV1).ListAccounts      | middleware.Auth   |
----------|--------|-------------------------------|--------------------------------------------------------------------------|--------------------
| :8081   | GET    | /api/admin/accounts           | cex-exchange/internal/controller/admin.(*ControllerV1).ListAccounts      | middleware.Auth   |
----------|--------|-------------------------------|--------------------------------------------------------------------------|--------------------
| :8081   | POST   | /api/admin/accounts/add-funds | cex-exchange/internal/controller/admin.(*ControllerV1).AddFunds          | middleware.Auth   |
----------|--------|-------------------------------|--------------------------------------------------------------------------|--------------------
| :8081   | POST   | /api/admin/accounts/adjust    | cex-exchange/internal/controller/admin.(*ControllerV1).Adjust            | middleware.Auth   |
----------|--------|-------------------------------|--------------------------------------------------------------------------|--------------------
| :8081   | GET    | /api/admin/orders             | cex-exchange/internal/controller/admin.(*ControllerV1).ListOrders        | middleware.Auth   |
----------|--------|-------------------------------|--------------------------------------------------------------------------|--------------------
| :8081   | POST   | /api/admin/orders/{id}/cancel | cex-exchange/internal/controller/admin.(*ControllerV1).CancelOrder       | middleware.Auth   |
----------|--------|-------------------------------|--------------------------------------------------------------------------|--------------------
| :8081   | GET    | /api/admin/users              | cex-exchange/internal/controller/admin.(*ControllerV1).ListUsers         | middleware.Auth   |
----------|--------|-------------------------------|--------------------------------------------------------------------------|--------------------
| :8081   | POST   | /api/deposit                  | cex-exchange/internal/controller/funds.(*ControllerV1).Deposit           | middleware.Auth   |
----------|--------|-------------------------------|--------------------------------------------------------------------------|--------------------
| :8081   | POST   | /api/login                    | cex-exchange/internal/controller/auth.(*ControllerV1).Login              |                   |
----------|--------|-------------------------------|--------------------------------------------------------------------------|--------------------
| :8081   | GET    | /api/my_orders                | cex-exchange/internal/controller/order.(*ControllerV1).ListMyOrders      | middleware.Auth   |
----------|--------|-------------------------------|--------------------------------------------------------------------------|--------------------
| :8081   | GET    | /api/my_trades                | cex-exchange/internal/controller/order.(*ControllerV1).ListMyTrades      | middleware.Auth   |
----------|--------|-------------------------------|--------------------------------------------------------------------------|--------------------
| :8081   | POST   | /api/order                    | cex-exchange/internal/controller/order.(*ControllerV1).PlaceOrder        | middleware.Auth   |
----------|--------|-------------------------------|--------------------------------------------------------------------------|--------------------
| :8081   | POST   | /api/order/cancel/:id         | cex-exchange/internal/controller/order.(*ControllerV1).CancelOrder       | middleware.Auth   |
----------|--------|-------------------------------|--------------------------------------------------------------------------|--------------------
| :8081   | GET    | /api/orderbook                | cex-exchange/internal/controller/trade.(*ControllerV1).GetOrderBook      | middleware.Auth   |
----------|--------|-------------------------------|--------------------------------------------------------------------------|--------------------
| :8081   | POST   | /api/register                 | cex-exchange/internal/controller/auth.(*ControllerV1).Register           |                   |
----------|--------|-------------------------------|--------------------------------------------------------------------------|--------------------
| :8081   | GET    | /api/trades                   | cex-exchange/internal/controller/trade.(*ControllerV1).GetTrades         | middleware.Auth   |
----------|--------|-------------------------------|--------------------------------------------------------------------------|--------------------
| :8081   | GET    | /ws                           | cex-exchange/internal/controller/websocket.(*Controller).HandleWebSocket |                   |
----------|--------|-------------------------------|--------------------------------------------------------------------------|--------------------
| :8081   | GET    | /ws/status                    | cex-exchange/internal/controller/websocket.(*Controller).GetStatus       |                   |
----------|--------|-------------------------------|--------------------------------------------------------------------------|--------------------

2025-12-21T12:28:03.161+08:00 [INFO] {984fac56902083182b4bd672458918fd} Config path set to: manifest/config
2025-12-21T12:28:06.142+08:00 [INFO] {984fac56902083182b4bd672458918fd} ✅ Database connected successfully!
2025-12-21T12:28:07.618+08:00 [INFO] ✅ Redis connected successfully (v8)!
2025-12-21T12:28:07.626+08:00 [FATA] net.Listen address ":8081" failed: listen tcp :8081: bind: address already in use
1. net.Listen address ":8081" failed
2. listen tcp :8081: bind: address already in use

2025-12-21T12:29:03.995+08:00 [INFO] {586788809e2083181e59d6347ede83bd} Config path set to: manifest/config
2025-12-21T12:29:06.906+08:00 [INFO] {586788809e2083181e59d6347ede83bd} ✅ Database connected successfully!
2025-12-21T12:29:08.433+08:00 [INFO] ✅ Redis connected successfully (v8)!
2025-12-21T12:29:08.442+08:00 [FATA] net.Listen address ":8081" failed: listen tcp :8081: bind: address already in use
1. net.Listen address ":8081" failed
2. listen tcp :8081: bind: address already in use

2025-12-21T12:31:28.167+08:00 [INFO] {e08af211c02083189f9d17789cab4d5d} Config path set to: manifest/config
2025-12-21T12:31:31.142+08:00 [INFO] {e08af211c02083189f9d17789cab4d5d} ✅ Database connected successfully!
2025-12-21T12:31:32.623+08:00 [INFO] ✅ Redis connected successfully (v8)!
2025-12-21T12:31:32.632+08:00 [FATA] net.Listen address ":8081" failed: listen tcp :8081: bind: address already in use
1. net.Listen address ":8081" failed
2. listen tcp :8081: bind: address already in use

2025-12-21T12:32:57.342+08:00 [INFO] {a8a73ad5d4208318793ec271c46f8879} Config path set to: manifest/config
2025-12-21T12:33:00.341+08:00 [INFO] {a8a73ad5d4208318793ec271c46f8879} ✅ Database connected successfully!
2025-12-21T12:33:01.816+08:00 [INFO] ✅ Redis connected successfully (v8)!
2025-12-21T12:33:01.821+08:00 [FATA] net.Listen address ":8081" failed: listen tcp :8081: bind: address already in use
1. net.Listen address ":8081" failed
2. listen tcp :8081: bind: address already in use

2025-12-21T12:33:47.069+08:00 [INFO] {b0162969e0208318c2a6f135cd682f91} Config path set to: manifest/config
2025-12-21T12:33:50.070+08:00 [INFO] {b0162969e0208318c2a6f135cd682f91} ✅ Database connected successfully!
2025-12-21T12:33:51.562+08:00 [INFO] ✅ Redis connected successfully (v8)!
2025-12-21T12:33:51.569+08:00 [FATA] net.Listen address ":8081" failed: listen tcp :8081: bind: address already in use
1. net.Listen address ":8081" failed
2. listen tcp :8081: bind: address already in use

2025-12-21T12:37:10.116+08:00 [INFO] {68068eaf0f21831853ebdc0a2ebb3f26} Config path set to: manifest/config
2025-12-21T12:37:13.030+08:00 [INFO] {68068eaf0f21831853ebdc0a2ebb3f26} ✅ Database connected successfully!
2025-12-21T12:37:14.549+08:00 [INFO] ✅ Redis connected successfully (v8)!
2025-12-21T12:37:14.554+08:00 [INFO] openapi specification is disabled
2025-12-21T12:37:14.554+08:00 [INFO] pid[3209]: http server started listening on [:8081]

----------|--------|-------------------------------|--------------------------------------------------------------------------|--------------------
| ADDRESS | METHOD |             ROUTE             |                                 HANDLER                                  |    MIDDLEWARE     |
----------|--------|-------------------------------|--------------------------------------------------------------------------|--------------------
| :8081   | ALL    | /*                            | cex-exchange/internal/middleware.ResponseHandler                         | GLOBAL MIDDLEWARE |
----------|--------|-------------------------------|--------------------------------------------------------------------------|--------------------
| :8081   | GET    | /api/accounts                 | cex-exchange/internal/controller/funds.(*ControllerV1).ListAccounts      | middleware.Auth   |
----------|--------|-------------------------------|--------------------------------------------------------------------------|--------------------
| :8081   | GET    | /api/admin/accounts           | cex-exchange/internal/controller/admin.(*ControllerV1).ListAccounts      | middleware.Auth   |
----------|--------|-------------------------------|--------------------------------------------------------------------------|--------------------
| :8081   | POST   | /api/admin/accounts/add-funds | cex-exchange/internal/controller/admin.(*ControllerV1).AddFunds          | middleware.Auth   |
----------|--------|-------------------------------|--------------------------------------------------------------------------|--------------------
| :8081   | POST   | /api/admin/accounts/adjust    | cex-exchange/internal/controller/admin.(*ControllerV1).Adjust            | middleware.Auth   |
----------|--------|-------------------------------|--------------------------------------------------------------------------|--------------------
| :8081   | GET    | /api/admin/orders             | cex-exchange/internal/controller/admin.(*ControllerV1).ListOrders        | middleware.Auth   |
----------|--------|-------------------------------|--------------------------------------------------------------------------|--------------------
| :8081   | POST   | /api/admin/orders/{id}/cancel | cex-exchange/internal/controller/admin.(*ControllerV1).CancelOrder       | middleware.Auth   |
----------|--------|-------------------------------|--------------------------------------------------------------------------|--------------------
| :8081   | GET    | /api/admin/users              | cex-exchange/internal/controller/admin.(*ControllerV1).ListUsers         | middleware.Auth   |
----------|--------|-------------------------------|--------------------------------------------------------------------------|--------------------
| :8081   | POST   | /api/deposit                  | cex-exchange/internal/controller/funds.(*ControllerV1).Deposit           | middleware.Auth   |
----------|--------|-------------------------------|--------------------------------------------------------------------------|--------------------
| :8081   | POST   | /api/login                    | cex-exchange/internal/controller/auth.(*ControllerV1).Login              |                   |
----------|--------|-------------------------------|--------------------------------------------------------------------------|--------------------
| :8081   | GET    | /api/my_orders                | cex-exchange/internal/controller/order.(*ControllerV1).ListMyOrders      | middleware.Auth   |
----------|--------|-------------------------------|--------------------------------------------------------------------------|--------------------
| :8081   | GET    | /api/my_trades                | cex-exchange/internal/controller/order.(*ControllerV1).ListMyTrades      | middleware.Auth   |
----------|--------|-------------------------------|--------------------------------------------------------------------------|--------------------
| :8081   | POST   | /api/order                    | cex-exchange/internal/controller/order.(*ControllerV1).PlaceOrder        | middleware.Auth   |
----------|--------|-------------------------------|--------------------------------------------------------------------------|--------------------
| :8081   | POST   | /api/order/cancel/:id         | cex-exchange/internal/controller/order.(*ControllerV1).CancelOrder       | middleware.Auth   |
----------|--------|-------------------------------|--------------------------------------------------------------------------|--------------------
| :8081   | GET    | /api/orderbook                | cex-exchange/internal/controller/trade.(*ControllerV1).GetOrderBook      | middleware.Auth   |
----------|--------|-------------------------------|--------------------------------------------------------------------------|--------------------
| :8081   | POST   | /api/register                 | cex-exchange/internal/controller/auth.(*ControllerV1).Register           |                   |
----------|--------|-------------------------------|--------------------------------------------------------------------------|--------------------
| :8081   | GET    | /api/trades                   | cex-exchange/internal/controller/trade.(*ControllerV1).GetTrades         | middleware.Auth   |
----------|--------|-------------------------------|--------------------------------------------------------------------------|--------------------
| :8081   | GET    | /ws                           | cex-exchange/internal/controller/websocket.(*Controller).HandleWebSocket |                   |
----------|--------|-------------------------------|--------------------------------------------------------------------------|--------------------
| :8081   | GET    | /ws/status                    | cex-exchange/internal/controller/websocket.(*Controller).GetStatus       |                   |
----------|--------|-------------------------------|--------------------------------------------------------------------------|--------------------

2025-12-21T12:38:56.205+08:00 [INFO] 🚀 gRPC server starting on :50051
2025-12-21T12:39:06.744+08:00 [INFO] gRPC GetTicker: symbol=BTC/USDT
2025-12-21T12:40:03.557+08:00 [INFO] gRPC GetTicker: symbol=BTC/USDT
2025-12-21T12:42:28.186+08:00 [INFO] Shutting down gRPC server...
2025-12-21T12:42:51.754+08:00 [INFO] pid[3209]: all servers shutdown
2025-12-21T12:46:03.260+08:00 [INFO] 🚀 gRPC server starting on :50051
2025-12-21T12:46:10.794+08:00 [INFO] gRPC GetTicker: symbol=BTC/USDT
2025-12-21T12:47:06.879+08:00 [FATA] Failed to listen: listen tcp :50051: bind: address already in use 
Stack:
1.  main.main
    /Users/zhanjun/IdeaProjects/cex-exchange/cex-exchange/cmd/grpc/main.go:42

2025-12-21T12:47:18.993+08:00 [FATA] Failed to listen: listen tcp :50051: bind: address already in use 
Stack:
1.  main.main
    /Users/zhanjun/IdeaProjects/cex-exchange/cex-exchange/cmd/grpc/main.go:42

2025-12-21T12:47:26.045+08:00 [INFO] Shutting down gRPC server...
2025-12-21T12:47:29.534+08:00 [INFO] 🚀 gRPC server starting on :50051
2025-12-21T12:48:06.256+08:00 [INFO] gRPC GetTicker: symbol=BTC/USDT
2025-12-21T12:53:10.395+08:00 [INFO] gRPC GetOrderBook: symbol=BTC/USDT, depth=0
2025-12-21T12:53:51.185+08:00 [INFO] gRPC GetOrderBook: symbol=BTC/USDT, depth=0
2025-12-21T13:12:07.107+08:00 [INFO] gRPC GetOrderBook: symbol=BTC/USDT, depth=0
2025-12-21T13:15:25.006+08:00 [INFO] gRPC GetOrderBook: symbol=BTC/USDT, depth=0
2025-12-21T13:19:07.156+08:00 [INFO] gRPC GetOrderBook: symbol=BTC/USDT, depth=0
2025-12-21T13:20:33.180+08:00 [INFO] gRPC GetOrderBook: symbol=BTC/USDT, depth=0
2025-12-21T13:24:19.206+08:00 [INFO] gRPC GetOrderBook: symbol=BTC/USDT, depth=0
2025-12-21T13:38:04.311+08:00 [INFO] gRPC GetOrderBook: symbol=BTC/USDT, depth=0
2025-12-21T13:38:16.829+08:00 [INFO] gRPC GetOrderBook: symbol=ETH/USDT, depth=0
2025-12-21T13:38:29.994+08:00 [INFO] gRPC GetOrderBook: symbol=BNB/USDT, depth=0
2025-12-21T13:38:41.987+08:00 [INFO] gRPC GetOrderBook: symbol=SOL/USDT, depth=0
2025-12-21T13:41:04.886+08:00 [INFO] gRPC GetOrderBook: symbol=BTC/USDT, depth=0
2025-12-21T13:41:40.753+08:00 [INFO] gRPC GetOrderBook: symbol=ETH/USDT, depth=0
2025-12-21T13:49:31.189+08:00 [INFO] gRPC GetOrderBook: symbol=BTC/USDT, depth=0
2025-12-21T13:53:17.168+08:00 [INFO] gRPC GetOrderBook: symbol=BTC/USDT, depth=0
2025-12-21T13:53:17.254+08:00 [INFO] gRPC GetRecentTrades: symbol=BTC/USDT, limit=20
2025-12-21T13:58:16.669+08:00 [INFO] gRPC GetOrderBook: symbol=ETH/USDT, depth=0
2025-12-21T13:58:16.669+08:00 [INFO] gRPC GetRecentTrades: symbol=ETH/USDT, limit=20
2025-12-21T13:58:31.649+08:00 [INFO] gRPC GetOrderBook: symbol=BTC/USDT, depth=0
2025-12-21T13:58:31.704+08:00 [INFO] gRPC GetRecentTrades: symbol=BTC/USDT, limit=20
2025-12-21T13:58:38.284+08:00 [INFO] gRPC GetOrderBook: symbol=ETH/USDT, depth=0
2025-12-21T13:58:38.290+08:00 [INFO] gRPC GetRecentTrades: symbol=ETH/USDT, limit=20
2025-12-21T16:54:08.620+08:00 [INFO] gRPC GetOrderBook: symbol=BTC/USDT, depth=0
2025-12-21T16:54:08.683+08:00 [INFO] gRPC GetRecentTrades: symbol=BTC/USDT, limit=20
2025-12-21T17:01:04.486+08:00 [INFO] gRPC GetRecentTrades: symbol=ETH/USDT, limit=20
2025-12-21T17:01:04.486+08:00 [INFO] gRPC GetOrderBook: symbol=ETH/USDT, depth=0
2025-12-21T17:02:19.006+08:00 [INFO] gRPC GetOrderBook: symbol=BTC/USDT, depth=0
